Archive member included to satisfy reference by file (symbol)

C:/ST/STM32CubeIDE_2.0.0/STM32CubeIDE/plugins/com.st.stm32cube.ide.mcu.externaltools.gnu-tools-for-stm32.13.3.rel1.win32_1.0.100.202509120712/tools/bin/../lib/gcc/arm-none-eabi/13.3.1/../../../../arm-none-eabi/lib/thumb/v7e-m+fp/hard\libc_nano.a(libc_a-exit.o)
                              C:/ST/STM32CubeIDE_2.0.0/STM32CubeIDE/plugins/com.st.stm32cube.ide.mcu.externaltools.gnu-tools-for-stm32.13.3.rel1.win32_1.0.100.202509120712/tools/bin/../lib/gcc/arm-none-eabi/13.3.1/../../../../arm-none-eabi/lib/thumb/v7e-m+fp/hard/crt0.o (exit)
C:/ST/STM32CubeIDE_2.0.0/STM32CubeIDE/plugins/com.st.stm32cube.ide.mcu.externaltools.gnu-tools-for-stm32.13.3.rel1.win32_1.0.100.202509120712/tools/bin/../lib/gcc/arm-none-eabi/13.3.1/../../../../arm-none-eabi/lib/thumb/v7e-m+fp/hard\libc_nano.a(libc_a-findfp.o)
                              C:/ST/STM32CubeIDE_2.0.0/STM32CubeIDE/plugins/com.st.stm32cube.ide.mcu.externaltools.gnu-tools-for-stm32.13.3.rel1.win32_1.0.100.202509120712/tools/bin/../lib/gcc/arm-none-eabi/13.3.1/../../../../arm-none-eabi/lib/thumb/v7e-m+fp/hard\libc_nano.a(libc_a-exit.o) (__stdio_exit_handler)
C:/ST/STM32CubeIDE_2.0.0/STM32CubeIDE/plugins/com.st.stm32cube.ide.mcu.externaltools.gnu-tools-for-stm32.13.3.rel1.win32_1.0.100.202509120712/tools/bin/../lib/gcc/arm-none-eabi/13.3.1/../../../../arm-none-eabi/lib/thumb/v7e-m+fp/hard\libc_nano.a(libc_a-fwalk.o)
                              C:/ST/STM32CubeIDE_2.0.0/STM32CubeIDE/plugins/com.st.stm32cube.ide.mcu.externaltools.gnu-tools-for-stm32.13.3.rel1.win32_1.0.100.202509120712/tools/bin/../lib/gcc/arm-none-eabi/13.3.1/../../../../arm-none-eabi/lib/thumb/v7e-m+fp/hard\libc_nano.a(libc_a-findfp.o) (_fwalk_sglue)
C:/ST/STM32CubeIDE_2.0.0/STM32CubeIDE/plugins/com.st.stm32cube.ide.mcu.externaltools.gnu-tools-for-stm32.13.3.rel1.win32_1.0.100.202509120712/tools/bin/../lib/gcc/arm-none-eabi/13.3.1/../../../../arm-none-eabi/lib/thumb/v7e-m+fp/hard\libc_nano.a(libc_a-sprintf.o)
                              ./Core/Src/debugger.o (sprintf)
C:/ST/STM32CubeIDE_2.0.0/STM32CubeIDE/plugins/com.st.stm32cube.ide.mcu.externaltools.gnu-tools-for-stm32.13.3.rel1.win32_1.0.100.202509120712/tools/bin/../lib/gcc/arm-none-eabi/13.3.1/../../../../arm-none-eabi/lib/thumb/v7e-m+fp/hard\libc_nano.a(libc_a-stdio.o)
                              C:/ST/STM32CubeIDE_2.0.0/STM32CubeIDE/plugins/com.st.stm32cube.ide.mcu.externaltools.gnu-tools-for-stm32.13.3.rel1.win32_1.0.100.202509120712/tools/bin/../lib/gcc/arm-none-eabi/13.3.1/../../../../arm-none-eabi/lib/thumb/v7e-m+fp/hard\libc_nano.a(libc_a-findfp.o) (__sread)
C:/ST/STM32CubeIDE_2.0.0/STM32CubeIDE/plugins/com.st.stm32cube.ide.mcu.externaltools.gnu-tools-for-stm32.13.3.rel1.win32_1.0.100.202509120712/tools/bin/../lib/gcc/arm-none-eabi/13.3.1/../../../../arm-none-eabi/lib/thumb/v7e-m+fp/hard\libc_nano.a(libc_a-vsnprintf.o)
                              ./Core/Src/debugger.o (vsnprintf)
C:/ST/STM32CubeIDE_2.0.0/STM32CubeIDE/plugins/com.st.stm32cube.ide.mcu.externaltools.gnu-tools-for-stm32.13.3.rel1.win32_1.0.100.202509120712/tools/bin/../lib/gcc/arm-none-eabi/13.3.1/../../../../arm-none-eabi/lib/thumb/v7e-m+fp/hard\libc_nano.a(libc_a-memset.o)
                              C:/ST/STM32CubeIDE_2.0.0/STM32CubeIDE/plugins/com.st.stm32cube.ide.mcu.externaltools.gnu-tools-for-stm32.13.3.rel1.win32_1.0.100.202509120712/tools/bin/../lib/gcc/arm-none-eabi/13.3.1/../../../../arm-none-eabi/lib/thumb/v7e-m+fp/hard/crt0.o (memset)
C:/ST/STM32CubeIDE_2.0.0/STM32CubeIDE/plugins/com.st.stm32cube.ide.mcu.externaltools.gnu-tools-for-stm32.13.3.rel1.win32_1.0.100.202509120712/tools/bin/../lib/gcc/arm-none-eabi/13.3.1/../../../../arm-none-eabi/lib/thumb/v7e-m+fp/hard\libc_nano.a(libc_a-closer.o)
                              C:/ST/STM32CubeIDE_2.0.0/STM32CubeIDE/plugins/com.st.stm32cube.ide.mcu.externaltools.gnu-tools-for-stm32.13.3.rel1.win32_1.0.100.202509120712/tools/bin/../lib/gcc/arm-none-eabi/13.3.1/../../../../arm-none-eabi/lib/thumb/v7e-m+fp/hard\libc_nano.a(libc_a-stdio.o) (_close_r)
C:/ST/STM32CubeIDE_2.0.0/STM32CubeIDE/plugins/com.st.stm32cube.ide.mcu.externaltools.gnu-tools-for-stm32.13.3.rel1.win32_1.0.100.202509120712/tools/bin/../lib/gcc/arm-none-eabi/13.3.1/../../../../arm-none-eabi/lib/thumb/v7e-m+fp/hard\libc_nano.a(libc_a-reent.o)
                              C:/ST/STM32CubeIDE_2.0.0/STM32CubeIDE/plugins/com.st.stm32cube.ide.mcu.externaltools.gnu-tools-for-stm32.13.3.rel1.win32_1.0.100.202509120712/tools/bin/../lib/gcc/arm-none-eabi/13.3.1/../../../../arm-none-eabi/lib/thumb/v7e-m+fp/hard\libc_nano.a(libc_a-closer.o) (errno)
C:/ST/STM32CubeIDE_2.0.0/STM32CubeIDE/plugins/com.st.stm32cube.ide.mcu.externaltools.gnu-tools-for-stm32.13.3.rel1.win32_1.0.100.202509120712/tools/bin/../lib/gcc/arm-none-eabi/13.3.1/../../../../arm-none-eabi/lib/thumb/v7e-m+fp/hard\libc_nano.a(libc_a-impure.o)
[...]
Memory Configuration

Name             Origin             Length             Attributes
RAM              0x20000000         0x00020000         xrw
FLASH            0x08000000         0x00080000         xr
*default*        0x00000000         0xffffffff

Linker script and memory map

LOAD C:/ST/STM32CubeIDE_2.0.0/STM32CubeIDE/plugins/com.st.stm32cube.ide.mcu.externaltools.gnu-tools-for-stm32.13.3.rel1.win32_1.0.100.202509120712/tools/bin/../lib/gcc/arm-none-eabi/13.3.1/thumb/v7e-m+fp/hard/crti.o
LOAD C:/ST/STM32CubeIDE_2.0.0/STM32CubeIDE/plugins/com.st.stm32cube.ide.mcu.externaltools.gnu-tools-for-stm32.13.3.rel1.win32_1.0.100.202509120712/tools/bin/../lib/gcc/arm-none-eabi/13.3.1/thumb/v7e-m+fp/hard/crtbegin.o
LOAD C:/ST/STM32CubeIDE_2.0.0/STM32CubeIDE/plugins/com.st.stm32cube.ide.mcu.externaltools.gnu-tools-for-stm32.13.3.rel1.win32_1.0.100.202509120712/tools/bin/../lib/gcc/arm-none-eabi/13.3.1/../../../../arm-none-eabi/lib/thumb/v7e-m+fp/hard/crt0.o
LOAD ./Core/Src/assistive_cart_logic.o
LOAD ./Core/Src/config.o
LOAD ./Core/Src/debugger.o
LOAD ./Core/Src/diagnostic_handler.o
LOAD ./Core/Src/fonts.o
LOAD ./Core/Src/main.o
LOAD ./Core/Src/sine_lut.o
LOAD ./Core/Src/stm32f4xx_hal_msp.o
LOAD ./Core/Src/stm32f4xx_it.o
LOAD ./Core/Src/syscalls.o
LOAD ./Core/Src/sysmem.o
LOAD ./Core/Src/system.o
LOAD ./Core/Src/system_stm32f4xx.o
LOAD ./Core/Src/tft_lcd.o
LOAD ./Core/Src/timer_system.o
LOAD ./Core/Src/ui_handler.o
LOAD ./Core/Src/wave_generator.o
LOAD ./Core/Startup/startup_stm32f446zetx.o
LOAD ./Core/Tests/project_assert.o
LOAD ./Core/Tests/test_project.o
LOAD ./Core/Tests/ui_interrupt_emulator.o
LOAD ./Drivers/STM32F4xx_HAL_Driver/Src/stm32f4xx_hal.o
LOAD ./Drivers/STM32F4xx_HAL_Driver/Src/stm32f4xx_hal_adc.o
LOAD ./Drivers/STM32F4xx_HAL_Driver/Src/stm32f4xx_hal_adc_ex.o
LOAD ./Drivers/STM32F4xx_HAL_Driver/Src/stm32f4xx_hal_cortex.o
LOAD ./Drivers/STM32F4xx_HAL_Driver/Src/stm32f4xx_hal_dac.o
LOAD ./Drivers/STM32F4xx_HAL_Driver/Src/stm32f4xx_hal_dac_ex.o
LOAD ./Drivers/STM32F4xx_HAL_Driver/Src/stm32f4xx_hal_dma.o
LOAD ./Drivers/STM32F4xx_HAL_Driver/Src/stm32f4xx_hal_dma_ex.o
LOAD ./Drivers/STM32F4xx_HAL_Driver/Src/stm32f4xx_hal_exti.o
LOAD ./Drivers/STM32F4xx_HAL_Driver/Src/stm32f4xx_hal_flash.o
LOAD ./Drivers/STM32F4xx_HAL_Driver/Src/stm32f4xx_hal_flash_ex.o
LOAD ./Drivers/STM32F4xx_HAL_Driver/Src/stm32f4xx_hal_flash_ramfunc.o
LOAD ./Drivers/STM32F4xx_HAL_Driver/Src/stm32f4xx_hal_gpio.o
LOAD ./Drivers/STM32F4xx_HAL_Driver/Src/stm32f4xx_hal_i2c.o
LOAD ./Drivers/STM32F4xx_HAL_Driver/Src/stm32f4xx_hal_i2c_ex.o
LOAD ./Drivers/STM32F4xx_HAL_Driver/Src/stm32f4xx_hal_pwr.o
LOAD ./Drivers/STM32F4xx_HAL_Driver/Src/stm32f4xx_hal_pwr_ex.o
LOAD ./Drivers/STM32F4xx_HAL_Driver/Src/stm32f4xx_hal_rcc.o
LOAD ./Drivers/STM32F4xx_HAL_Driver/Src/stm32f4xx_hal_rcc_ex.o
LOAD ./Drivers/STM32F4xx_HAL_Driver/Src/stm32f4xx_hal_spi.o
LOAD ./Drivers/STM32F4xx_HAL_Driver/Src/stm32f4xx_hal_tim.o
LOAD ./Drivers/STM32F4xx_HAL_Driver/Src/stm32f4xx_hal_tim_ex.o
LOAD ./Drivers/STM32F4xx_HAL_Driver/Src/stm32f4xx_hal_uart.o
LOAD ./FATFS/App/fatfs.o
LOAD ./FATFS/Target/user_diskio.o
LOAD ./Middlewares/Third_Party/FatFs/src/diskio.o
LOAD ./Middlewares/Third_Party/FatFs/src/ff.o
LOAD ./Middlewares/Third_Party/FatFs/src/ff_gen_drv.o
LOAD ./Middlewares/Third_Party/FatFs/src/option/syscall.o
START GROUP
LOAD C:/ST/STM32CubeIDE_2.0.0/STM32CubeIDE/plugins/com.st.stm32cube.ide.mcu.externaltools.gnu-tools-for-stm32.13.3.rel1.win32_1.0.100.202509120712/tools/bin/../lib/gcc/arm-none-eabi/13.3.1/../../../../arm-none-eabi/lib/thumb/v7e-m+fp/hard\libc_nano.a
LOAD C:/ST/STM32CubeIDE_2.0.0/STM32CubeIDE/plugins/com.st.stm32cube.ide.mcu.externaltools.gnu-tools-for-stm32.13.3.rel1.win32_1.0.100.202509120712/tools/bin/../lib/gcc/arm-none-eabi/13.3.1/../../../../arm-none-eabi/lib/thumb/v7e-m+fp/hard\libm.a
END GROUP
START GROUP
LOAD C:/ST/STM32CubeIDE_2.0.0/STM32CubeIDE/plugins/com.st.stm32cube.ide.mcu.externaltools.gnu-tools-for-stm32.13.3.rel1.win32_1.0.100.202509120712/tools/bin/../lib/gcc/arm-none-eabi/13.3.1/thumb/v7e-m+fp/hard\libgcc.a
LOAD C:/ST/STM32CubeIDE_2.0.0/STM32CubeIDE/plugins/com.st.stm32cube.ide.mcu.externaltools.gnu-tools-for-stm32.13.3.rel1.win32_1.0.100.202509120712/tools/bin/../lib/gcc/arm-none-eabi/13.3.1/../../../../arm-none-eabi/lib/thumb/v7e-m+fp/hard\libc_nano.a
END GROUP
START GROUP
LOAD C:/ST/STM32CubeIDE_2.0.0/STM32CubeIDE/plugins/com.st.stm32cube.ide.mcu.externaltools.gnu-tools-for-stm32.13.3.rel1.win32_1.0.100.202509120712/tools/bin/../lib/gcc/arm-none-eabi/13.3.1/thumb/v7e-m+fp/hard\libgcc.a
LOAD C:/ST/STM32CubeIDE_2.0.0/STM32CubeIDE/plugins/com.st.stm32cube.ide.mcu.externaltools.gnu-tools-for-stm32.13.3.rel1.win32_1.0.100.202509120712/tools/bin/../lib/gcc/arm-none-eabi/13.3.1/../../../../arm-none-eabi/lib/thumb/v7e-m+fp/hard\libc_nano.a
LOAD C:/ST/STM32CubeIDE_2.0.0/STM32CubeIDE/plugins/com.st.stm32cube.ide.mcu.externaltools.gnu-tools-for-stm32.13.3.rel1.win32_1.0.100.202509120712/tools/bin/../lib/gcc/arm-none-eabi/13.3.1/../../../../arm-none-eabi/lib/thumb/v7e-m+fp/hard\libnosys.a
END GROUP
START GROUP
LOAD C:/ST/STM32CubeIDE_2.0.0/STM32CubeIDE/plugins/com.st.stm32cube.ide.mcu.externaltools.gnu-tools-for-stm32.13.3.rel1.win32_1.0.100.202509120712/tools/bin/../lib/gcc/arm-none-eabi/13.3.1/thumb/v7e-m+fp/hard\libgcc.a
LOAD C:/ST/STM32CubeIDE_2.0.0/STM32CubeIDE/plugins/com.st.stm32cube.ide.mcu.externaltools.gnu-tools-for-stm32.13.3.rel1.win32_1.0.100.202509120712/tools/bin/../lib/gcc/arm-none-eabi/13.3.1/../../../../arm-none-eabi/lib/thumb/v7e-m+fp/hard\libc_nano.a
LOAD C:/ST/STM32CubeIDE_2.0.0/STM32CubeIDE/plugins/com.st.stm32cube.ide.mcu.externaltools.gnu-tools-for-stm32.13.3.rel1.win32_1.0.100.202509120712/tools/bin/../lib/gcc/arm-none-eabi/13.3.1/../../../../arm-none-eabi/lib/thumb/v7e-m+fp/hard\libnosys.a
END GROUP
LOAD C:/ST/STM32CubeIDE_2.0.0/STM32CubeIDE/plugins/com.st.stm32cube.ide.mcu.externaltools.gnu-tools-for-stm32.13.3.rel1.win32_1.0.100.202509120712/tools/bin/../lib/gcc/arm-none-eabi/13.3.1/thumb/v7e-m+fp/hard/crtend.o
LOAD C:/ST/STM32CubeIDE_2.0.0/STM32CubeIDE/plugins/com.st.stm32cube.ide.mcu.externaltools.gnu-tools-for-stm32.13.3.rel1.win32_1.0.100.202509120712/tools/bin/../lib/gcc/arm-none-eabi/13.3.1/thumb/v7e-m+fp/hard/crtn.o
                0x20020000                        _estack = (ORIGIN (RAM) + LENGTH (RAM))
                0x00000200                        _Min_Heap_Size = 0x200
                0x00000400                        _Min_Stack_Size = 0x400

.isr_vector     0x08000000      0x1c4
                0x08000000                        . = ALIGN (0x4)
 *(.isr_vector)
 .isr_vector    0x08000000      0x1c4 ./Core/Startup/startup_stm32f446zetx.o
                0x08000000                g_pfnVectors
                0x080001c4                        . = ALIGN (0x4)

.text           0x080001d0     0x745c
                0x080001d0                        . = ALIGN (0x4)
 *(.text)
 .text          0x080001d0       0x40 C:/ST/STM32CubeIDE_2.0.0/STM32CubeIDE/plugins/com.st.stm32cube.ide.mcu.externaltools.gnu-tools-for-stm32.13.3.rel1.win32_1.0.100.202509120712/tools/bin/../lib/gcc/arm-none-eabi/13.3.1/thumb/v7e-m+fp/hard/crtbegin.o
 .text          0x08000210       0x10 C:/ST/STM32CubeIDE_2.0.0/STM32CubeIDE/plugins/com.st.stm32cube.ide.mcu.externaltools.gnu-tools-for-stm32.13.3.rel1.win32_1.0.100.202509120712/tools/bin/../lib/gcc/arm-none-eabi/13.3.1/../../../../arm-none-eabi/lib/thumb/v7e-m+fp/hard\libc_nano.a(libc_a-strlen.o)
                0x08000210                strlen
 .text          0x08000220       0xa0 C:/ST/STM32CubeIDE_2.0.0/STM32CubeIDE/plugins/com.st.stm32cube.ide.mcu.externaltools.gnu-tools-for-stm32.13.3.rel1.win32_1.0.100.202509120712/tools/bin/../lib/gcc/arm-none-eabi/13.3.1/../../../../arm-none-eabi/lib/thumb/v7e-m+fp/hard\libc_nano.a(libc_a-memchr.o)
                0x08000220                memchr
 .text          0x080002c0       0x30 C:/ST/STM32CubeIDE_2.0.0/STM32CubeIDE/plugins/com.st.stm32cube.ide.mcu.externaltools.gnu-tools-for-stm32.13.3.rel1.win32_1.0.100.202509120712/tools/bin/../lib/gcc/arm-none-eabi/13.3.1/thumb/v7e-m+fp/hard\libgcc.a(_aeabi_uldivmod.o)
                0x080002c0                __aeabi_uldivmod
 .text          0x080002f0      0x2f8 C:/ST/STM32CubeIDE_2.0.0/STM32CubeIDE/plugins/com.st.stm32cube.ide.mcu.externaltools.gnu-tools-for-stm32.13.3.rel1.win32_1.0.100.202509120712/tools/bin/../lib/gcc/arm-none-eabi/13.3.1/thumb/v7e-m+fp/hard\libgcc.a(_udivmoddi4.o)
                0x080002f0                __udivmoddi4
 .text          0x080005e8        0x4 C:/ST/STM32CubeIDE_2.0.0/STM32CubeIDE/plugins/com.st.stm32cube.ide.mcu.externaltools.gnu-tools-for-stm32.13.3.rel1.win32_1.0.100.202509120712/tools/bin/../lib/gcc/arm-none-eabi/13.3.1/thumb/v7e-m+fp/hard\libgcc.a(_dvmd_tls.o)
                0x080005e8                __aeabi_idiv0
                0x080005e8                __aeabi_ldiv0
 *(.text*)
 .text.set_cart_boot_state
                0x080005ec       0x18 ./Core/Src/assistive_cart_logic.o
                0x080005ec                set_cart_boot_state
 .text.cart_update
                0x08000604        0xe ./Core/Src/assistive_cart_logic.o
                0x08000604                cart_update
 *fill*         0x08000612        0x2 
 .text.SystemClock_Config
                0x08000614       0xd8 ./Core/Src/config.o
                0x08000614                SystemClock_Config
 .text.MX_ADC1_Init
                0x080006ec       0xa4 ./Core/Src/config.o
                0x080006ec                MX_ADC1_Init
 .text.MX_DAC_Init
                0x08000790       0x54 ./Core/Src/config.o
                0x08000790                MX_DAC_Init
 .text.MX_I2C1_Init
                0x080007e4       0x5c ./Core/Src/config.o
                0x080007e4                MX_I2C1_Init
 .text.MX_SPI1_Init
                0x08000840       0x6c ./Core/Src/config.o
                0x08000840                MX_SPI1_Init
 .text.MX_SPI4_Init
                0x080008ac       0x6c ./Core/Src/config.o
                0x080008ac                MX_SPI4_Init
 .text.MX_TIM2_Init
                0x08000918       0xcc ./Core/Src/config.o
                0x08000918                MX_TIM2_Init
 .text.MX_TIM5_Init
                0x080009e4       0x98 ./Core/Src/config.o
                0x080009e4                MX_TIM5_Init
 .text.MX_TIM6_Init
                0x08000a7c       0x6c ./Core/Src/config.o
                0x08000a7c                MX_TIM6_Init
 .text.MX_TIM9_Init
                0x08000ae8       0x70 ./Core/Src/config.o
                0x08000ae8                MX_TIM9_Init
 .text.MX_TIM11_Init
                0x08000b58       0x9c ./Core/Src/config.o
                0x08000b58                MX_TIM11_Init
 .text.MX_TIM14_Init
                0x08000bf4       0x9c ./Core/Src/config.o
                0x08000bf4                MX_TIM14_Init
 .text.MX_USART3_UART_Init
                0x08000c90       0x54 ./Core/Src/config.o
                0x08000c90                MX_USART3_UART_Init
 .text.MX_USART6_UART_Init
                0x08000ce4       0x54 ./Core/Src/config.o
                0x08000ce4                MX_USART6_UART_Init
 .text.MX_DMA_Init
                0x08000d38       0x6c ./Core/Src/config.o
                0x08000d38                MX_DMA_Init
 .text.MX_GPIO_Init
                0x08000da4      0x268 ./Core/Src/config.o
                0x08000da4                MX_GPIO_Init
 .text.CSTM_Core_GPIO_Init
                0x0800100c      0x220 ./Core/Src/config.o
                0x0800100c                CSTM_Core_GPIO_Init
 .text.CSTM_Cart_GPIO_Init
                0x0800122c       0x8c ./Core/Src/config.o
                0x0800122c                CSTM_Cart_GPIO_Init
 .text.SYS_Cart_Mode_Init
                0x080012b8       0x18 ./Core/Src/config.o
                0x080012b8                SYS_Cart_Mode_Init
 .text.SYS_Diagnostic_Mode_Init
                0x080012d0       0x14 ./Core/Src/config.o
                0x080012d0                SYS_Diagnostic_Mode_Init
 .text.SYS_Core_Peripheral_Init
                0x080012e4       0x24 ./Core/Src/config.o
                0x080012e4                SYS_Core_Peripheral_Init
 .text.SYS_Cart_Mode_DeInit
                0x08001308       0x40 ./Core/Src/config.o
                0x08001308                SYS_Cart_Mode_DeInit
 .text.SYS_Diagnostic_Mode_DeInit
                0x08001348       0x1c ./Core/Src/config.o
                0x08001348                SYS_Diagnostic_Mode_DeInit
 .text.Error_Handler
                0x08001364       0x10 ./Core/Src/config.o
                0x08001364                Error_Handler
 .text.append_stack
                0x08001374       0x38 ./Core/Src/debugger.o
                0x08001374                append_stack
 .text.pop_stack
                0x080013ac       0x30 ./Core/Src/debugger.o
                0x080013ac                pop_stack
 .text.print_stack
                0x080013dc       0xc0 ./Core/Src/debugger.o
                0x080013dc                print_stack
 .text.print_error_msg
                0x0800149c       0x2c ./Core/Src/debugger.o
                0x0800149c                print_error_msg
 .text.print_msg
                0x080014c8       0x54 ./Core/Src/debugger.o
                0x080014c8                print_msg
 .text.initialize_diagnostic_buffers
                0x0800151c       0x6c ./Core/Src/diagnostic_handler.o
                0x0800151c                initialize_diagnostic_buffers
 .text.set_diagnostic_boot_state
                0x08001588       0x18 ./Core/Src/diagnostic_handler.o
                0x08001588                set_diagnostic_boot_state
 .text.diagnostic_update
                0x080015a0       0x6c ./Core/Src/diagnostic_handler.o
                0x080015a0                diagnostic_update
 .text.main     0x0800160c       0xd8 ./Core/Src/main.o
                0x0800160c                main
 .text.HAL_MspInit
                0x080016e4       0x50 ./Core/Src/stm32f4xx_hal_msp.o
                0x080016e4                HAL_MspInit
 .text.HAL_ADC_MspInit
                0x08001734       0x88 ./Core/Src/stm32f4xx_hal_msp.o
                0x08001734                HAL_ADC_MspInit
 .text.HAL_DAC_MspInit
                0x080017bc       0xf4 ./Core/Src/stm32f4xx_hal_msp.o
                0x080017bc                HAL_DAC_MspInit
 .text.HAL_DAC_MspDeInit
                0x080018b0       0x44 ./Core/Src/stm32f4xx_hal_msp.o
                0x080018b0                HAL_DAC_MspDeInit
 .text.HAL_I2C_MspInit
                0x080018f4       0x90 ./Core/Src/stm32f4xx_hal_msp.o
                0x080018f4                HAL_I2C_MspInit
 .text.HAL_SPI_MspInit
                0x08001984      0x174 ./Core/Src/stm32f4xx_hal_msp.o
                0x08001984                HAL_SPI_MspInit
 .text.HAL_TIM_PWM_MspInit
                0x08001af8       0x40 ./Core/Src/stm32f4xx_hal_msp.o
                0x08001af8                HAL_TIM_PWM_MspInit
 .text.HAL_TIM_Base_MspInit
                0x08001b38      0x110 ./Core/Src/stm32f4xx_hal_msp.o
                0x08001b38                HAL_TIM_Base_MspInit
 .text.HAL_TIM_MspPostInit
                0x08001c48      0x110 ./Core/Src/stm32f4xx_hal_msp.o
                0x08001c48                HAL_TIM_MspPostInit
 .text.HAL_TIM_PWM_MspDeInit
                0x08001d58       0x30 ./Core/Src/stm32f4xx_hal_msp.o
                0x08001d58                HAL_TIM_PWM_MspDeInit
 .text.HAL_TIM_Base_MspDeInit
                0x08001d88       0xac ./Core/Src/stm32f4xx_hal_msp.o
                0x08001d88                HAL_TIM_Base_MspDeInit
 .text.HAL_UART_MspInit
                0x08001e34      0x100 ./Core/Src/stm32f4xx_hal_msp.o
                0x08001e34                HAL_UART_MspInit
 .text.NMI_Handler
                0x08001f34        0x8 ./Core/Src/stm32f4xx_it.o
                0x08001f34                NMI_Handler
 .text.HardFault_Handler
                0x08001f3c        0x8 ./Core/Src/stm32f4xx_it.o
                0x08001f3c                HardFault_Handler
 .text.MemManage_Handler
                0x08001f44        0x8 ./Core/Src/stm32f4xx_it.o
                0x08001f44                MemManage_Handler
 .text.BusFault_Handler
                0x08001f4c        0x8 ./Core/Src/stm32f4xx_it.o
                0x08001f4c                BusFault_Handler
 .text.UsageFault_Handler
                0x08001f54        0x8 ./Core/Src/stm32f4xx_it.o
                0x08001f54                UsageFault_Handler
 .text.SVC_Handler
                0x08001f5c        0xe ./Core/Src/stm32f4xx_it.o
                0x08001f5c                SVC_Handler
 .text.DebugMon_Handler
                0x08001f6a        0xe ./Core/Src/stm32f4xx_it.o
                0x08001f6a                DebugMon_Handler
 .text.PendSV_Handler
                0x08001f78        0xe ./Core/Src/stm32f4xx_it.o
                0x08001f78                PendSV_Handler
 .text.SysTick_Handler
                0x08001f86        0xc ./Core/Src/stm32f4xx_it.o
                0x08001f86                SysTick_Handler
 .text.EXTI4_IRQHandler
                0x08001f92        0xe ./Core/Src/stm32f4xx_it.o
                0x08001f92                EXTI4_IRQHandler
 .text.DMA1_Stream5_IRQHandler
                0x08001fa0       0x14 ./Core/Src/stm32f4xx_it.o
                0x08001fa0                DMA1_Stream5_IRQHandler
 .text.EXTI9_5_IRQHandler
                0x08001fb4       0x16 ./Core/Src/stm32f4xx_it.o
                0x08001fb4                EXTI9_5_IRQHandler
 *fill*         0x08001fca        0x2 
 .text.TIM1_BRK_TIM9_IRQHandler
                0x08001fcc       0x14 ./Core/Src/stm32f4xx_it.o
                0x08001fcc                TIM1_BRK_TIM9_IRQHandler
 .text.EXTI15_10_IRQHandler
                0x08001fe0       0x28 ./Core/Src/stm32f4xx_it.o
                0x08001fe0                EXTI15_10_IRQHandler
 .text.TIM5_IRQHandler
                0x08002008       0x14 ./Core/Src/stm32f4xx_it.o
                0x08002008                TIM5_IRQHandler
 .text.DMA2_Stream3_IRQHandler
                0x0800201c       0x14 ./Core/Src/stm32f4xx_it.o
                0x0800201c                DMA2_Stream3_IRQHandler
 .text._sbrk    0x08002030       0x6c ./Core/Src/sysmem.o
                0x08002030                _sbrk
 .text.get_system_state
                0x0800209c       0x18 ./Core/Src/system.o
                0x0800209c                get_system_state
 .text.get_global_state
                0x080020b4       0x1c ./Core/Src/system.o
                0x080020b4                get_global_state
 .text.request_system_mode
                0x080020d0       0x28 ./Core/Src/system.o
                0x080020d0                request_system_mode
 .text.request_diagnostic_state
                0x080020f8       0x28 ./Core/Src/system.o
                0x080020f8                request_diagnostic_state
 .text.system_init_core_peripherals
                0x08002120       0x16 ./Core/Src/system.o
 *fill*         0x08002136        0x2 
 .text.system_init_selected_mode
                0x08002138       0x68 ./Core/Src/system.o
 .text.system_deinit_selected_mode
                0x080021a0       0x40 ./Core/Src/system.o
 .text.set_system_boot_state
                0x080021e0       0x24 ./Core/Src/system.o
                0x080021e0                set_system_boot_state
 .text.system_update
                0x08002204      0x188 ./Core/Src/system.o
                0x08002204                system_update
 .text.SystemInit
                0x0800238c       0x24 ./Core/Src/system_stm32f4xx.o
                0x0800238c                SystemInit
 .text.LCD_WriteCommand
                0x080023b0       0x50 ./Core/Src/tft_lcd.o
                0x080023b0                LCD_WriteCommand
 .text.LCD_WriteData
                0x08002400       0x50 ./Core/Src/tft_lcd.o
                0x08002400                LCD_WriteData
 .text.LCD_Init
                0x08002450       0x44 ./Core/Src/tft_lcd.o
                0x08002450                LCD_Init
 .text.LCD_SetAddressWindow
                0x08002494       0x98 ./Core/Src/tft_lcd.o
                0x08002494                LCD_SetAddressWindow
 .text.LCD_DrawRect
                0x0800252c       0xb4 ./Core/Src/tft_lcd.o
                0x0800252c                LCD_DrawRect
 .text.LCD_DrawChar
                0x080025e0      0x130 ./Core/Src/tft_lcd.o
                0x080025e0                LCD_DrawChar
 .text.LCD_WriteString
                0x08002710       0x66 ./Core/Src/tft_lcd.o
                0x08002710                LCD_WriteString
 *fill*         0x08002776        0x2 
 .text.Reset_Handler
                0x08002778       0x50 ./Core/Startup/startup_stm32f446zetx.o
                0x08002778                Reset_Handler
 .text.Default_Handler
                0x080027c8        0x2 ./Core/Startup/startup_stm32f446zetx.o
                0x080027c8                RTC_Alarm_IRQHandler
                0x080027c8                EXTI2_IRQHandler
                0x080027c8                TIM8_CC_IRQHandler
                0x080027c8                FMPI2C1_EV_IRQHandler
                0x080027c8                SPI4_IRQHandler
                0x080027c8                TIM1_CC_IRQHandler
                0x080027c8                DMA2_Stream5_IRQHandler
                0x080027c8                PVD_IRQHandler
                0x080027c8                SDIO_IRQHandler
                0x080027c8                TAMP_STAMP_IRQHandler
                0x080027c8                CAN2_RX1_IRQHandler
                0x080027c8                EXTI3_IRQHandler
                0x080027c8                TIM8_TRG_COM_TIM14_IRQHandler
                0x080027c8                TIM1_UP_TIM10_IRQHandler
                0x080027c8                TIM8_UP_TIM13_IRQHandler
                0x080027c8                I2C3_ER_IRQHandler
                0x080027c8                EXTI0_IRQHandler
                0x080027c8                I2C2_EV_IRQHandler
                0x080027c8                DMA1_Stream2_IRQHandler
                0x080027c8                CAN1_RX0_IRQHandler
                0x080027c8                FPU_IRQHandler
                0x080027c8                OTG_HS_WKUP_IRQHandler
                0x080027c8                CAN2_SCE_IRQHandler
                0x080027c8                DMA2_Stream2_IRQHandler
                0x080027c8                SPI1_IRQHandler
                0x080027c8                TIM6_DAC_IRQHandler
                0x080027c8                DCMI_IRQHandler
                0x080027c8                CAN2_RX0_IRQHandler
                0x080027c8                SAI2_IRQHandler
                0x080027c8                USART6_IRQHandler
                0x080027c8                USART3_IRQHandler
                0x080027c8                CAN1_RX1_IRQHandler
                0x080027c8                UART5_IRQHandler
                0x080027c8                DMA2_Stream0_IRQHandler
                0x080027c8                TIM4_IRQHandler
                0x080027c8                QUADSPI_IRQHandler
                0x080027c8                I2C1_EV_IRQHandler
                0x080027c8                DMA1_Stream6_IRQHandler
                0x080027c8                DMA1_Stream1_IRQHandler
                0x080027c8                UART4_IRQHandler
                0x080027c8                TIM3_IRQHandler
                0x080027c8                RCC_IRQHandler
                0x080027c8                TIM8_BRK_TIM12_IRQHandler
                0x080027c8                Default_Handler
                0x080027c8                CEC_IRQHandler
                0x080027c8                ADC_IRQHandler
                0x080027c8                DMA1_Stream7_IRQHandler
                0x080027c8                TIM7_IRQHandler
                0x080027c8                CAN2_TX_IRQHandler
                0x080027c8                DMA2_Stream7_IRQHandler
                0x080027c8                I2C3_EV_IRQHandler
                0x080027c8                RTC_WKUP_IRQHandler
                0x080027c8                SPDIF_RX_IRQHandler
                0x080027c8                SPI2_IRQHandler
                0x080027c8                OTG_HS_EP1_IN_IRQHandler
                0x080027c8                DMA1_Stream0_IRQHandler
                0x080027c8                CAN1_TX_IRQHandler
                0x080027c8                FMPI2C1_ER_IRQHandler
                0x080027c8                OTG_HS_EP1_OUT_IRQHandler
                0x080027c8                WWDG_IRQHandler
                0x080027c8                TIM2_IRQHandler
                0x080027c8                OTG_FS_WKUP_IRQHandler
                0x080027c8                TIM1_TRG_COM_TIM11_IRQHandler
                0x080027c8                OTG_HS_IRQHandler
                0x080027c8                EXTI1_IRQHandler
                0x080027c8                USART2_IRQHandler
                0x080027c8                I2C2_ER_IRQHandler
                0x080027c8                DMA2_Stream1_IRQHandler
                0x080027c8                CAN1_SCE_IRQHandler
                0x080027c8                FLASH_IRQHandler
                0x080027c8                DMA2_Stream4_IRQHandler
                0x080027c8                USART1_IRQHandler
                0x080027c8                OTG_FS_IRQHandler
                0x080027c8                SPI3_IRQHandler
                0x080027c8                DMA1_Stream4_IRQHandler
                0x080027c8                I2C1_ER_IRQHandler
                0x080027c8                FMC_IRQHandler
                0x080027c8                DMA2_Stream6_IRQHandler
                0x080027c8                SAI1_IRQHandler
                0x080027c8                DMA1_Stream3_IRQHandler
 *fill*         0x080027ca        0x2 
 .text.project_assert_failed
                0x080027cc       0x20 ./Core/Tests/project_assert.o
                0x080027cc                project_assert_failed
 .text.run_project_test
                0x080027ec       0x1c ./Core/Tests/test_project.o
                0x080027ec                run_project_test
 .text.test_0   0x08002808       0xb4 ./Core/Tests/ui_interrupt_emulator.o
                0x08002808                test_0
 .text.test_1   0x080028bc      0x120 ./Core/Tests/ui_interrupt_emulator.o
                0x080028bc                test_1
 .text.test_2   0x080029dc      0x120 ./Core/Tests/ui_interrupt_emulator.o
                0x080029dc                test_2
 .text.ui_interrupt_emulator
                0x08002afc       0x54 ./Core/Tests/ui_interrupt_emulator.o
                0x08002afc                ui_interrupt_emulator
 .text.HAL_Init
                0x08002b50       0x44 ./Drivers/STM32F4xx_HAL_Driver/Src/stm32f4xx_hal.o
                0x08002b50                HAL_Init
 .text.HAL_InitTick
                0x08002b94       0x60 ./Drivers/STM32F4xx_HAL_Driver/Src/stm32f4xx_hal.o
                0x08002b94                HAL_InitTick
 .text.HAL_IncTick
                0x08002bf4       0x28 ./Drivers/STM32F4xx_HAL_Driver/Src/stm32f4xx_hal.o
                0x08002bf4                HAL_IncTick
 .text.HAL_GetTick
                0x08002c1c       0x18 ./Drivers/STM32F4xx_HAL_Driver/Src/stm32f4xx_hal.o
                0x08002c1c                HAL_GetTick
 .text.HAL_Delay
                0x08002c34       0x48 ./Drivers/STM32F4xx_HAL_Driver/Src/stm32f4xx_hal.o
                0x08002c34                HAL_Delay
 .text.HAL_ADC_Init
                0x08002c7c       0x86 ./Drivers/STM32F4xx_HAL_Driver/Src/stm32f4xx_hal_adc.o
                0x08002c7c                HAL_ADC_Init
 *fill*         0x08002d02        0x2 
 .text.HAL_ADC_ConfigChannel
                0x08002d04      0x264 ./Drivers/STM32F4xx_HAL_Driver/Src/stm32f4xx_hal_adc.o
                0x08002d04                HAL_ADC_ConfigChannel
 .text.ADC_Init
                0x08002f68      0x1f8 ./Drivers/STM32F4xx_HAL_Driver/Src/stm32f4xx_hal_adc.o
 .text.__NVIC_SetPriorityGrouping
                0x08003160       0x48 ./Drivers/STM32F4xx_HAL_Driver/Src/stm32f4xx_hal_cortex.o
 .text.__NVIC_GetPriorityGrouping
                0x080031a8       0x1c ./Drivers/STM32F4xx_HAL_Driver/Src/stm32f4xx_hal_cortex.o
 .text.__NVIC_EnableIRQ
                0x080031c4       0x3c ./Drivers/STM32F4xx_HAL_Driver/Src/stm32f4xx_hal_cortex.o
 .text.__NVIC_DisableIRQ
                0x08003200       0x48 ./Drivers/STM32F4xx_HAL_Driver/Src/stm32f4xx_hal_cortex.o
 .text.__NVIC_SetPriority
                0x08003248       0x54 ./Drivers/STM32F4xx_HAL_Driver/Src/stm32f4xx_hal_cortex.o
 .text.NVIC_EncodePriority
                0x0800329c       0x66 ./Drivers/STM32F4xx_HAL_Driver/Src/stm32f4xx_hal_cortex.o
 *fill*         0x08003302        0x2 
 .text.SysTick_Config
                0x08003304       0x44 ./Drivers/STM32F4xx_HAL_Driver/Src/stm32f4xx_hal_cortex.o
 .text.HAL_NVIC_SetPriorityGrouping
                0x08003348       0x16 ./Drivers/STM32F4xx_HAL_Driver/Src/stm32f4xx_hal_cortex.o
                0x08003348                HAL_NVIC_SetPriorityGrouping
 .text.HAL_NVIC_SetPriority
                0x0800335e       0x38 ./Drivers/STM32F4xx_HAL_Driver/Src/stm32f4xx_hal_cortex.o
                0x0800335e                HAL_NVIC_SetPriority
 .text.HAL_NVIC_EnableIRQ
                0x08003396       0x1c ./Drivers/STM32F4xx_HAL_Driver/Src/stm32f4xx_hal_cortex.o
                0x08003396                HAL_NVIC_EnableIRQ
 .text.HAL_NVIC_DisableIRQ
                0x080033b2       0x1c ./Drivers/STM32F4xx_HAL_Driver/Src/stm32f4xx_hal_cortex.o
                0x080033b2                HAL_NVIC_DisableIRQ
 .text.HAL_SYSTICK_Config
                0x080033ce       0x18 ./Drivers/STM32F4xx_HAL_Driver/Src/stm32f4xx_hal_cortex.o
                0x080033ce                HAL_SYSTICK_Config
 .text.HAL_DAC_Init
                0x080033e6       0x44 ./Drivers/STM32F4xx_HAL_Driver/Src/stm32f4xx_hal_dac.o
                0x080033e6                HAL_DAC_Init
 .text.HAL_DAC_DeInit
                0x0800342a       0x3a ./Drivers/STM32F4xx_HAL_Driver/Src/stm32f4xx_hal_dac.o
                0x0800342a                HAL_DAC_DeInit
 .text.HAL_DAC_ConfigChannel
                0x08003464       0xb2 ./Drivers/STM32F4xx_HAL_Driver/Src/stm32f4xx_hal_dac.o
                0x08003464                HAL_DAC_ConfigChannel
 *fill*         0x08003516        0x2 
 .text.HAL_DMA_Init
                0x08003518      0x15c ./Drivers/STM32F4xx_HAL_Driver/Src/stm32f4xx_hal_dma.o
                0x08003518                HAL_DMA_Init
 .text.HAL_DMA_DeInit
                0x08003674       0xbc ./Drivers/STM32F4xx_HAL_Driver/Src/stm32f4xx_hal_dma.o
                0x08003674                HAL_DMA_DeInit
 .text.HAL_DMA_IRQHandler
                0x08003730      0x314 ./Drivers/STM32F4xx_HAL_Driver/Src/stm32f4xx_hal_dma.o
                0x08003730                HAL_DMA_IRQHandler
 .text.DMA_CalcBaseAndBitshift
                0x08003a44       0x6c ./Drivers/STM32F4xx_HAL_Driver/Src/stm32f4xx_hal_dma.o
 .text.DMA_CheckFifoParam
                0x08003ab0       0xf8 ./Drivers/STM32F4xx_HAL_Driver/Src/stm32f4xx_hal_dma.o
 .text.HAL_GPIO_Init
                0x08003ba8      0x328 ./Drivers/STM32F4xx_HAL_Driver/Src/stm32f4xx_hal_gpio.o
                0x08003ba8                HAL_GPIO_Init
 .text.HAL_GPIO_DeInit
                0x08003ed0      0x1e8 ./Drivers/STM32F4xx_HAL_Driver/Src/stm32f4xx_hal_gpio.o
                0x08003ed0                HAL_GPIO_DeInit
 .text.HAL_GPIO_WritePin
                0x080040b8       0x32 ./Drivers/STM32F4xx_HAL_Driver/Src/stm32f4xx_hal_gpio.o
                0x080040b8                HAL_GPIO_WritePin
 *fill*         0x080040ea        0x2 
 .text.HAL_GPIO_EXTI_IRQHandler
                0x080040ec       0x30 ./Drivers/STM32F4xx_HAL_Driver/Src/stm32f4xx_hal_gpio.o
                0x080040ec                HAL_GPIO_EXTI_IRQHandler
 .text.HAL_GPIO_EXTI_Callback
                0x0800411c       0x16 ./Drivers/STM32F4xx_HAL_Driver/Src/stm32f4xx_hal_gpio.o
                0x0800411c                HAL_GPIO_EXTI_Callback
 *fill*         0x08004132        0x2 
 .text.HAL_I2C_Init
                0x08004134      0x288 ./Drivers/STM32F4xx_HAL_Driver/Src/stm32f4xx_hal_i2c.o
                0x08004134                HAL_I2C_Init
 .text.HAL_RCC_ClockConfig
                0x080043bc      0x1cc ./Drivers/STM32F4xx_HAL_Driver/Src/stm32f4xx_hal_rcc.o
                0x080043bc                HAL_RCC_ClockConfig
 .text.HAL_RCC_GetHCLKFreq
                0x08004588       0x18 ./Drivers/STM32F4xx_HAL_Driver/Src/stm32f4xx_hal_rcc.o
                0x08004588                HAL_RCC_GetHCLKFreq
 .text.HAL_RCC_GetPCLK1Freq
                0x080045a0       0x28 ./Drivers/STM32F4xx_HAL_Driver/Src/stm32f4xx_hal_rcc.o
                0x080045a0                HAL_RCC_GetPCLK1Freq
 .text.HAL_RCC_GetPCLK2Freq
                0x080045c8       0x28 ./Drivers/STM32F4xx_HAL_Driver/Src/stm32f4xx_hal_rcc.o
                0x080045c8                HAL_RCC_GetPCLK2Freq
 .text.HAL_RCC_GetSysClockFreq
                0x080045f0      0x354 ./Drivers/STM32F4xx_HAL_Driver/Src/stm32f4xx_hal_rcc_ex.o
                0x080045f0                HAL_RCC_GetSysClockFreq
 .text.HAL_RCC_OscConfig
                0x08004944      0x53c ./Drivers/STM32F4xx_HAL_Driver/Src/stm32f4xx_hal_rcc_ex.o
                0x08004944                HAL_RCC_OscConfig
 .text.HAL_SPI_Init
                0x08004e80      0x112 ./Drivers/STM32F4xx_HAL_Driver/Src/stm32f4xx_hal_spi.o
                0x08004e80                HAL_SPI_Init
 .text.HAL_SPI_Transmit
                0x08004f92      0x288 ./Drivers/STM32F4xx_HAL_Driver/Src/stm32f4xx_hal_spi.o
                0x08004f92                HAL_SPI_Transmit
 *fill*         0x0800521a        0x2 
 .text.SPI_WaitFlagStateUntilTimeout
                0x0800521c      0x110 ./Drivers/STM32F4xx_HAL_Driver/Src/stm32f4xx_hal_spi.o
 .text.SPI_EndRxTxTransaction
                0x0800532c       0xa8 ./Drivers/STM32F4xx_HAL_Driver/Src/stm32f4xx_hal_spi.o
 .text.HAL_TIM_Base_Init
                0x080053d4       0x9e ./Drivers/STM32F4xx_HAL_Driver/Src/stm32f4xx_hal_tim.o
                0x080053d4                HAL_TIM_Base_Init
 .text.HAL_TIM_Base_DeInit
                0x08005472       0xa8 ./Drivers/STM32F4xx_HAL_Driver/Src/stm32f4xx_hal_tim.o
                0x08005472                HAL_TIM_Base_DeInit
 .text.HAL_TIM_PWM_Init
                0x0800551a       0x9e ./Drivers/STM32F4xx_HAL_Driver/Src/stm32f4xx_hal_tim.o
                0x0800551a                HAL_TIM_PWM_Init
 .text.HAL_TIM_PWM_DeInit
                0x080055b8       0xa8 ./Drivers/STM32F4xx_HAL_Driver/Src/stm32f4xx_hal_tim.o
                0x080055b8                HAL_TIM_PWM_DeInit
 .text.HAL_TIM_IRQHandler
                0x08005660      0x1e0 ./Drivers/STM32F4xx_HAL_Driver/Src/stm32f4xx_hal_tim.o
                0x08005660                HAL_TIM_IRQHandler
 .text.HAL_TIM_PWM_ConfigChannel
                0x08005840      0x184 ./Drivers/STM32F4xx_HAL_Driver/Src/stm32f4xx_hal_tim.o
                0x08005840                HAL_TIM_PWM_ConfigChannel
 .text.HAL_TIM_ConfigClockSource
                0x080059c4      0x18e ./Drivers/STM32F4xx_HAL_Driver/Src/stm32f4xx_hal_tim.o
                0x080059c4                HAL_TIM_ConfigClockSource
 .text.HAL_TIM_PeriodElapsedCallback
                0x08005b52       0x14 ./Drivers/STM32F4xx_HAL_Driver/Src/stm32f4xx_hal_tim.o
                0x08005b52                HAL_TIM_PeriodElapsedCallback
 .text.HAL_TIM_OC_DelayElapsedCallback
                0x08005b66       0x14 ./Drivers/STM32F4xx_HAL_Driver/Src/stm32f4xx_hal_tim.o
                0x08005b66                HAL_TIM_OC_DelayElapsedCallback
 .text.HAL_TIM_IC_CaptureCallback
                0x08005b7a       0x14 ./Drivers/STM32F4xx_HAL_Driver/Src/stm32f4xx_hal_tim.o
                0x08005b7a                HAL_TIM_IC_CaptureCallback
 .text.HAL_TIM_PWM_PulseFinishedCallback
                0x08005b8e       0x14 ./Drivers/STM32F4xx_HAL_Driver/Src/stm32f4xx_hal_tim.o
                0x08005b8e                HAL_TIM_PWM_PulseFinishedCallback
 .text.HAL_TIM_TriggerCallback
                0x08005ba2       0x14 ./Drivers/STM32F4xx_HAL_Driver/Src/stm32f4xx_hal_tim.o
                0x08005ba2                HAL_TIM_TriggerCallback
 *fill*         0x08005bb6        0x2 
 .text.TIM_Base_SetConfig
                0x08005bb8      0x14c ./Drivers/STM32F4xx_HAL_Driver/Src/stm32f4xx_hal_tim.o
                0x08005bb8                TIM_Base_SetConfig
 .text.TIM_OC1_SetConfig
                0x08005d04       0xe0 ./Drivers/STM32F4xx_HAL_Driver/Src/stm32f4xx_hal_tim.o
 .text.TIM_OC2_SetConfig
                0x08005de4       0xec ./Drivers/STM32F4xx_HAL_Driver/Src/stm32f4xx_hal_tim.o
                0x08005de4                TIM_OC2_SetConfig
 .text.TIM_OC3_SetConfig
                0x08005ed0       0xe8 ./Drivers/STM32F4xx_HAL_Driver/Src/stm32f4xx_hal_tim.o
 .text.TIM_OC4_SetConfig
                0x08005fb8       0xac ./Drivers/STM32F4xx_HAL_Driver/Src/stm32f4xx_hal_tim.o
 .text.TIM_TI1_ConfigInputStage
                0x08006064       0x5e ./Drivers/STM32F4xx_HAL_Driver/Src/stm32f4xx_hal_tim.o
 .text.TIM_TI2_ConfigInputStage
                0x080060c2       0x60 ./Drivers/STM32F4xx_HAL_Driver/Src/stm32f4xx_hal_tim.o
 .text.TIM_ITRx_SetConfig
                0x08006122       0x36 ./Drivers/STM32F4xx_HAL_Driver/Src/stm32f4xx_hal_tim.o
 .text.TIM_ETR_SetConfig
                0x08006158       0x40 ./Drivers/STM32F4xx_HAL_Driver/Src/stm32f4xx_hal_tim.o
                0x08006158                TIM_ETR_SetConfig
 .text.HAL_TIMEx_MasterConfigSynchronization
                0x08006198       0xf8 ./Drivers/STM32F4xx_HAL_Driver/Src/stm32f4xx_hal_tim_ex.o
                0x08006198                HAL_TIMEx_MasterConfigSynchronization
 .text.HAL_TIMEx_CommutCallback
                0x08006290       0x14 ./Drivers/STM32F4xx_HAL_Driver/Src/stm32f4xx_hal_tim_ex.o
                0x08006290                HAL_TIMEx_CommutCallback
 .text.HAL_TIMEx_BreakCallback
                0x080062a4       0x14 ./Drivers/STM32F4xx_HAL_Driver/Src/stm32f4xx_hal_tim_ex.o
                0x080062a4                HAL_TIMEx_BreakCallback
 .text.HAL_UART_Init
                0x080062b8       0xa0 ./Drivers/STM32F4xx_HAL_Driver/Src/stm32f4xx_hal_uart.o
                0x080062b8                HAL_UART_Init
 .text.HAL_UART_Transmit
                0x08006358      0x116 ./Drivers/STM32F4xx_HAL_Driver/Src/stm32f4xx_hal_uart.o
                0x08006358                HAL_UART_Transmit
 .text.UART_WaitOnFlagUntilTimeout
                0x0800646e       0xb2 ./Drivers/STM32F4xx_HAL_Driver/Src/stm32f4xx_hal_uart.o
 .text.UART_EndRxTransfer
                0x08006520       0xc6 ./Drivers/STM32F4xx_HAL_Driver/Src/stm32f4xx_hal_uart.o
 *fill*         0x080065e6        0x2 
 .text.UART_SetConfig
                0x080065e8      0x4e8 ./Drivers/STM32F4xx_HAL_Driver/Src/stm32f4xx_hal_uart.o
 .text.MX_FATFS_Init
                0x08006ad0       0x24 ./FATFS/App/fatfs.o
                0x08006ad0                MX_FATFS_Init
 .text.USER_initialize
                0x08006af4       0x28 ./FATFS/Target/user_diskio.o
                0x08006af4                USER_initialize
 .text.USER_status
                0x08006b1c       0x28 ./FATFS/Target/user_diskio.o
                0x08006b1c                USER_status
 .text.USER_read
                0x08006b44       0x1e ./FATFS/Target/user_diskio.o
                0x08006b44                USER_read
 .text.USER_write
                0x08006b62       0x1e ./FATFS/Target/user_diskio.o
                0x08006b62                USER_write
 .text.USER_ioctl
                0x08006b80       0x22 ./FATFS/Target/user_diskio.o
                0x08006b80                USER_ioctl
 *fill*         0x08006ba2        0x2 
 .text.FATFS_LinkDriverEx
                0x08006ba4       0x98 ./Middlewares/Third_Party/FatFs/src/ff_gen_drv.o
                0x08006ba4                FATFS_LinkDriverEx
 .text.FATFS_LinkDriver
                0x08006c3c       0x1e ./Middlewares/Third_Party/FatFs/src/ff_gen_drv.o
                0x08006c3c                FATFS_LinkDriver
 *fill*         0x08006c5a        0x2 
 .text.sprintf  0x08006c5c       0x44 C:/ST/STM32CubeIDE_2.0.0/STM32CubeIDE/plugins/com.st.stm32cube.ide.mcu.externaltools.gnu-tools-for-stm32.13.3.rel1.win32_1.0.100.202509120712/tools/bin/../lib/gcc/arm-none-eabi/13.3.1/../../../../arm-none-eabi/lib/thumb/v7e-m+fp/hard\libc_nano.a(libc_a-sprintf.o)
                0x08006c5c                siprintf
                0x08006c5c                sprintf
 .text._vsnprintf_r
                0x08006ca0       0x5c C:/ST/STM32CubeIDE_2.0.0/STM32CubeIDE/plugins/com.st.stm32cube.ide.mcu.externaltools.gnu-tools-for-stm32.13.3.rel1.win32_1.0.100.202509120712/tools/bin/../lib/gcc/arm-none-eabi/13.3.1/../../../../arm-none-eabi/lib/thumb/v7e-m+fp/hard\libc_nano.a(libc_a-vsnprintf.o)
                0x08006ca0                _vsniprintf_r
                0x08006ca0                _vsnprintf_r
 .text.vsnprintf
                0x08006cfc       0x1c C:/ST/STM32CubeIDE_2.0.0/STM32CubeIDE/plugins/com.st.stm32cube.ide.mcu.externaltools.gnu-tools-for-stm32.13.3.rel1.win32_1.0.100.202509120712/tools/bin/../lib/gcc/arm-none-eabi/13.3.1/../../../../arm-none-eabi/lib/thumb/v7e-m+fp/hard\libc_nano.a(libc_a-vsnprintf.o)
                0x08006cfc                vsniprintf
                0x08006cfc                vsnprintf
 .text.memset   0x08006d18       0x10 C:/ST/STM32CubeIDE_2.0.0/STM32CubeIDE/plugins/com.st.stm32cube.ide.mcu.externaltools.gnu-tools-for-stm32.13.3.rel1.win32_1.0.100.202509120712/tools/bin/../lib/gcc/arm-none-eabi/13.3.1/../../../../arm-none-eabi/lib/thumb/v7e-m+fp/hard\libc_nano.a(libc_a-memset.o)
                0x08006d18                memset
 .text.__errno  0x08006d28        0xc C:/ST/STM32CubeIDE_2.0.0/STM32CubeIDE/plugins/com.st.stm32cube.ide.mcu.externaltools.gnu-tools-for-stm32.13.3.rel1.win32_1.0.100.202509120712/tools/bin/../lib/gcc/arm-none-eabi/13.3.1/../../../../arm-none-eabi/lib/thumb/v7e-m+fp/hard\libc_nano.a(libc_a-errno.o)
                0x08006d28                __errno
 .text.__libc_init_array
                0x08006d34       0x48 C:/ST/STM32CubeIDE_2.0.0/STM32CubeIDE/plugins/com.st.stm32cube.ide.mcu.externaltools.gnu-tools-for-stm32.13.3.rel1.win32_1.0.100.202509120712/tools/bin/../lib/gcc/arm-none-eabi/13.3.1/../../../../arm-none-eabi/lib/thumb/v7e-m+fp/hard\libc_nano.a(libc_a-init.o)
                0x08006d34                __libc_init_array
 .text.__retarget_lock_acquire_recursive
                0x08006d7c        0x2 C:/ST/STM32CubeIDE_2.0.0/STM32CubeIDE/plugins/com.st.stm32cube.ide.mcu.externaltools.gnu-tools-for-stm32.13.3.rel1.win32_1.0.100.202509120712/tools/bin/../lib/gcc/arm-none-eabi/13.3.1/../../../../arm-none-eabi/lib/thumb/v7e-m+fp/hard\libc_nano.a(libc_a-lock.o)
                0x08006d7c                __retarget_lock_acquire_recursive
 .text.__retarget_lock_release_recursive
                0x08006d7e        0x2 C:/ST/STM32CubeIDE_2.0.0/STM32CubeIDE/plugins/com.st.stm32cube.ide.mcu.externaltools.gnu-tools-for-stm32.13.3.rel1.win32_1.0.100.202509120712/tools/bin/../lib/gcc/arm-none-eabi/13.3.1/../../../../arm-none-eabi/lib/thumb/v7e-m+fp/hard\libc_nano.a(libc_a-lock.o)
                0x08006d7e                __retarget_lock_release_recursive
 .text._free_r  0x08006d80       0x94 C:/ST/STM32CubeIDE_2.0.0/STM32CubeIDE/plugins/com.st.stm32cube.ide.mcu.externaltools.gnu-tools-for-stm32.13.3.rel1.win32_1.0.100.202509120712/tools/bin/../lib/gcc/arm-none-eabi/13.3.1/../../../../arm-none-eabi/lib/thumb/v7e-m+fp/hard\libc_nano.a(libc_a-freer.o)
                0x08006d80                _free_r
 .text.sbrk_aligned
                0x08006e14       0x44 C:/ST/STM32CubeIDE_2.0.0/STM32CubeIDE/plugins/com.st.stm32cube.ide.mcu.externaltools.gnu-tools-for-stm32.13.3.rel1.win32_1.0.100.202509120712/tools/bin/../lib/gcc/arm-none-eabi/13.3.1/../../../../arm-none-eabi/lib/thumb/v7e-m+fp/hard\libc_nano.a(libc_a-mallocr.o)
 .text._malloc_r
                0x08006e58      0x100 C:/ST/STM32CubeIDE_2.0.0/STM32CubeIDE/plugins/com.st.stm32cube.ide.mcu.externaltools.gnu-tools-for-stm32.13.3.rel1.win32_1.0.100.202509120712/tools/bin/../lib/gcc/arm-none-eabi/13.3.1/../../../../arm-none-eabi/lib/thumb/v7e-m+fp/hard\libc_nano.a(libc_a-mallocr.o)
                0x08006e58                _malloc_r
 .text.__malloc_lock
                0x08006f58        0xc C:/ST/STM32CubeIDE_2.0.0/STM32CubeIDE/plugins/com.st.stm32cube.ide.mcu.externaltools.gnu-tools-for-stm32.13.3.rel1.win32_1.0.100.202509120712/tools/bin/../lib/gcc/arm-none-eabi/13.3.1/../../../../arm-none-eabi/lib/thumb/v7e-m+fp/hard\libc_nano.a(libc_a-mlock.o)
                0x08006f58                __malloc_lock
 .text.__malloc_unlock
                0x08006f64        0xc C:/ST/STM32CubeIDE_2.0.0/STM32CubeIDE/plugins/com.st.stm32cube.ide.mcu.externaltools.gnu-tools-for-stm32.13.3.rel1.win32_1.0.100.202509120712/tools/bin/../lib/gcc/arm-none-eabi/13.3.1/../../../../arm-none-eabi/lib/thumb/v7e-m+fp/hard\libc_nano.a(libc_a-mlock.o)
                0x08006f64                __malloc_unlock
 .text.__ssputs_r
                0x08006f70       0xb6 C:/ST/STM32CubeIDE_2.0.0/STM32CubeIDE/plugins/com.st.stm32cube.ide.mcu.externaltools.gnu-tools-for-stm32.13.3.rel1.win32_1.0.100.202509120712/tools/bin/../lib/gcc/arm-none-eabi/13.3.1/../../../../arm-none-eabi/lib/thumb/v7e-m+fp/hard\libc_nano.a(libc_a-nano-svfprintf.o)
                0x08006f70                __ssputs_r
 *fill*         0x08007026        0x2 
 .text._svfprintf_r
                0x08007028      0x1f8 C:/ST/STM32CubeIDE_2.0.0/STM32CubeIDE/plugins/com.st.stm32cube.ide.mcu.externaltools.gnu-tools-for-stm32.13.3.rel1.win32_1.0.100.202509120712/tools/bin/../lib/gcc/arm-none-eabi/13.3.1/../../../../arm-none-eabi/lib/thumb/v7e-m+fp/hard\libc_nano.a(libc_a-nano-svfprintf.o)
                0x08007028                _svfiprintf_r
                0x08007028                _svfprintf_r
 .text._printf_common
                0x08007220       0xda C:/ST/STM32CubeIDE_2.0.0/STM32CubeIDE/plugins/com.st.stm32cube.ide.mcu.externaltools.gnu-tools-for-stm32.13.3.rel1.win32_1.0.100.202509120712/tools/bin/../lib/gcc/arm-none-eabi/13.3.1/../../../../arm-none-eabi/lib/thumb/v7e-m+fp/hard\libc_nano.a(libc_a-nano-vfprintf_i.o)
                0x08007220                _printf_common
 *fill*         0x080072fa        0x2 
 .text._printf_i
                0x080072fc      0x23c C:/ST/STM32CubeIDE_2.0.0/STM32CubeIDE/plugins/com.st.stm32cube.ide.mcu.externaltools.gnu-tools-for-stm32.13.3.rel1.win32_1.0.100.202509120712/tools/bin/../lib/gcc/arm-none-eabi/13.3.1/../../../../arm-none-eabi/lib/thumb/v7e-m+fp/hard\libc_nano.a(libc_a-nano-vfprintf_i.o)
                0x080072fc                _printf_i
 .text.memmove  0x08007538       0x34 C:/ST/STM32CubeIDE_2.0.0/STM32CubeIDE/plugins/com.st.stm32cube.ide.mcu.externaltools.gnu-tools-for-stm32.13.3.rel1.win32_1.0.100.202509120712/tools/bin/../lib/gcc/arm-none-eabi/13.3.1/../../../../arm-none-eabi/lib/thumb/v7e-m+fp/hard\libc_nano.a(libc_a-memmove.o)
                0x08007538                memmove
 .text._sbrk_r  0x0800756c       0x20 C:/ST/STM32CubeIDE_2.0.0/STM32CubeIDE/plugins/com.st.stm32cube.ide.mcu.externaltools.gnu-tools-for-stm32.13.3.rel1.win32_1.0.100.202509120712/tools/bin/../lib/gcc/arm-none-eabi/13.3.1/../../../../arm-none-eabi/lib/thumb/v7e-m+fp/hard\libc_nano.a(libc_a-sbrkr.o)
                0x0800756c                _sbrk_r
 .text.memcpy   0x0800758c       0x1c C:/ST/STM32CubeIDE_2.0.0/STM32CubeIDE/plugins/com.st.stm32cube.ide.mcu.externaltools.gnu-tools-for-stm32.13.3.rel1.win32_1.0.100.202509120712/tools/bin/../lib/gcc/arm-none-eabi/13.3.1/../../../../arm-none-eabi/lib/thumb/v7e-m+fp/hard\libc_nano.a(libc_a-memcpy-stub.o)
                0x0800758c                memcpy
 .text._realloc_r
                0x080075a8       0x5c C:/ST/STM32CubeIDE_2.0.0/STM32CubeIDE/plugins/com.st.stm32cube.ide.mcu.externaltools.gnu-tools-for-stm32.13.3.rel1.win32_1.0.100.202509120712/tools/bin/../lib/gcc/arm-none-eabi/13.3.1/../../../../arm-none-eabi/lib/thumb/v7e-m+fp/hard\libc_nano.a(libc_a-reallocr.o)
                0x080075a8                _realloc_r
 .text._malloc_usable_size_r
                0x08007604       0x10 C:/ST/STM32CubeIDE_2.0.0/STM32CubeIDE/plugins/com.st.stm32cube.ide.mcu.externaltools.gnu-tools-for-stm32.13.3.rel1.win32_1.0.100.202509120712/tools/bin/../lib/gcc/arm-none-eabi/13.3.1/../../../../arm-none-eabi/lib/thumb/v7e-m+fp/hard\libc_nano.a(libc_a-msizer.o)
                0x08007604                _malloc_usable_size_r
 *(.glue_7)
 .glue_7        0x08007614        0x0 linker stubs
 *(.glue_7t)
 .glue_7t       0x08007614        0x0 linker stubs
 *(.eh_frame)
 .eh_frame      0x08007614        0x0 C:/ST/STM32CubeIDE_2.0.0/STM32CubeIDE/plugins/com.st.stm32cube.ide.mcu.externaltools.gnu-tools-for-stm32.13.3.rel1.win32_1.0.100.202509120712/tools/bin/../lib/gcc/arm-none-eabi/13.3.1/thumb/v7e-m+fp/hard/crtbegin.o
 *(.init)
 .init          0x08007614        0x4 C:/ST/STM32CubeIDE_2.0.0/STM32CubeIDE/plugins/com.st.stm32cube.ide.mcu.externaltools.gnu-tools-for-stm32.13.3.rel1.win32_1.0.100.202509120712/tools/bin/../lib/gcc/arm-none-eabi/13.3.1/thumb/v7e-m+fp/hard/crti.o
                0x08007614                _init
 .init          0x08007618        0x8 C:/ST/STM32CubeIDE_2.0.0/STM32CubeIDE/plugins/com.st.stm32cube.ide.mcu.externaltools.gnu-tools-for-stm32.13.3.rel1.win32_1.0.100.202509120712/tools/bin/../lib/gcc/arm-none-eabi/13.3.1/thumb/v7e-m+fp/hard/crtn.o
 *(.fini)
 .fini          0x08007620        0x4 C:/ST/STM32CubeIDE_2.0.0/STM32CubeIDE/plugins/com.st.stm32cube.ide.mcu.externaltools.gnu-tools-for-stm32.13.3.rel1.win32_1.0.100.202509120712/tools/bin/../lib/gcc/arm-none-eabi/13.3.1/thumb/v7e-m+fp/hard/crti.o
                0x08007620                _fini
 .fini          0x08007624        0x8 C:/ST/STM32CubeIDE_2.0.0/STM32CubeIDE/plugins/com.st.stm32cube.ide.mcu.externaltools.gnu-tools-for-stm32.13.3.rel1.win32_1.0.100.202509120712/tools/bin/../lib/gcc/arm-none-eabi/13.3.1/thumb/v7e-m+fp/hard/crtn.o
                0x0800762c                        . = ALIGN (0x4)
                0x0800762c                        _etext = .

.vfp11_veneer   0x0800762c        0x0
 .vfp11_veneer  0x0800762c        0x0 linker stubs

.v4_bx          0x0800762c        0x0
 .v4_bx         0x0800762c        0x0 linker stubs

.iplt           0x0800762c        0x0
 .iplt          0x0800762c        0x0 C:/ST/STM32CubeIDE_2.0.0/STM32CubeIDE/plugins/com.st.stm32cube.ide.mcu.externaltools.gnu-tools-for-stm32.13.3.rel1.win32_1.0.100.202509120712/tools/bin/../lib/gcc/arm-none-eabi/13.3.1/thumb/v7e-m+fp/hard/crtbegin.o

.rodata         0x0800762c     0x1138
                0x0800762c                        . = ALIGN (0x4)
 *(.rodata)
 .rodata        0x0800762c       0x23 ./Core/Src/debugger.o
 *fill*         0x0800764f        0x1 
 .rodata        0x08007650       0x34 ./Core/Src/main.o
 .rodata        0x08007684      0x28e ./Core/Src/system.o
 *fill*         0x08007912        0x2 
 .rodata        0x08007914       0x3b ./Core/Tests/project_assert.o
 *fill*         0x0800794f        0x1 
 .rodata        0x08007950       0x61 ./Core/Tests/ui_interrupt_emulator.o
 *(.rodata*)
 *fill*         0x080079b1        0x3 
 .rodata.Font11x18
                0x080079b4      0xd5c ./Core/Src/fonts.o
                0x080079b4                Font11x18
 .rodata.AHBPrescTable
                0x08008710       0x10 ./Core/Src/system_stm32f4xx.o
                0x08008710                AHBPrescTable
 .rodata.APBPrescTable
                0x08008720        0x8 ./Core/Src/system_stm32f4xx.o
                0x08008720                APBPrescTable
 .rodata.flagBitshiftOffset.0
                0x08008728        0x8 ./Drivers/STM32F4xx_HAL_Driver/Src/stm32f4xx_hal_dma.o
 .rodata._svfprintf_r.str1.1
                0x08008730       0x33 C:/ST/STM32CubeIDE_2.0.0/STM32CubeIDE/plugins/com.st.stm32cube.ide.mcu.externaltools.gnu-tools-for-stm32.13.3.rel1.win32_1.0.100.202509120712/tools/bin/../lib/gcc/arm-none-eabi/13.3.1/../../../../arm-none-eabi/lib/thumb/v7e-m+fp/hard\libc_nano.a(libc_a-nano-svfprintf.o)
                                 0x11 (size before relaxing)
 .rodata._printf_i.str1.1
                0x08008763        0x0 C:/ST/STM32CubeIDE_2.0.0/STM32CubeIDE/plugins/com.st.stm32cube.ide.mcu.externaltools.gnu-tools-for-stm32.13.3.rel1.win32_1.0.100.202509120712/tools/bin/../lib/gcc/arm-none-eabi/13.3.1/../../../../arm-none-eabi/lib/thumb/v7e-m+fp/hard\libc_nano.a(libc_a-nano-vfprintf_i.o)
                                 0x22 (size before relaxing)
                0x08008764                        . = ALIGN (0x4)
 *fill*         0x08008763        0x1 

.ARM.extab      0x08008764        0x0
                0x08008764                        . = ALIGN (0x4)
 *(.ARM.extab* .gnu.linkonce.armextab.*)
                0x08008764                        . = ALIGN (0x4)

.ARM            0x08008764        0x8
                0x08008764                        . = ALIGN (0x4)
                0x08008764                        __exidx_start = .
 *(.ARM.exidx*)
 .ARM.exidx     0x08008764        0x8 C:/ST/STM32CubeIDE_2.0.0/STM32CubeIDE/plugins/com.st.stm32cube.ide.mcu.externaltools.gnu-tools-for-stm32.13.3.rel1.win32_1.0.100.202509120712/tools/bin/../lib/gcc/arm-none-eabi/13.3.1/../../../../arm-none-eabi/lib/thumb/v7e-m+fp/hard\libc_nano.a(libc_a-strlen.o)
 .ARM.exidx     0x0800876c        0x0 C:/ST/STM32CubeIDE_2.0.0/STM32CubeIDE/plugins/com.st.stm32cube.ide.mcu.externaltools.gnu-tools-for-stm32.13.3.rel1.win32_1.0.100.202509120712/tools/bin/../lib/gcc/arm-none-eabi/13.3.1/../../../../arm-none-eabi/lib/thumb/v7e-m+fp/hard\libc_nano.a(libc_a-memchr.o)
                                  0x8 (size before relaxing)
 .ARM.exidx     0x0800876c        0x0 C:/ST/STM32CubeIDE_2.0.0/STM32CubeIDE/plugins/com.st.stm32cube.ide.mcu.externaltools.gnu-tools-for-stm32.13.3.rel1.win32_1.0.100.202509120712/tools/bin/../lib/gcc/arm-none-eabi/13.3.1/thumb/v7e-m+fp/hard\libgcc.a(_udivmoddi4.o)
                                  0x8 (size before relaxing)
                0x0800876c                        __exidx_end = .
                0x0800876c                        . = ALIGN (0x4)

.preinit_array  0x0800876c        0x0
                0x0800876c                        . = ALIGN (0x4)
                0x0800876c                        PROVIDE (__preinit_array_start = .)
 *(.preinit_array*)
                0x0800876c                        PROVIDE (__preinit_array_end = .)
                0x0800876c                        . = ALIGN (0x4)

.init_array     0x0800876c        0x4
                0x0800876c                        . = ALIGN (0x4)
                0x0800876c                        PROVIDE (__init_array_start = .)
 *(SORT_BY_NAME(.init_array.*))
 *(.init_array*)
 .init_array    0x0800876c        0x4 C:/ST/STM32CubeIDE_2.0.0/STM32CubeIDE/plugins/com.st.stm32cube.ide.mcu.externaltools.gnu-tools-for-stm32.13.3.rel1.win32_1.0.100.202509120712/tools/bin/../lib/gcc/arm-none-eabi/13.3.1/thumb/v7e-m+fp/hard/crtbegin.o
                0x08008770                        PROVIDE (__init_array_end = .)
                0x08008770                        . = ALIGN (0x4)

.fini_array     0x08008770        0x4
                0x08008770                        . = ALIGN (0x4)
                [!provide]                        PROVIDE (__fini_array_start = .)
 *(SORT_BY_NAME(.fini_array.*))
 *(.fini_array*)
 .fini_array    0x08008770        0x4 C:/ST/STM32CubeIDE_2.0.0/STM32CubeIDE/plugins/com.st.stm32cube.ide.mcu.externaltools.gnu-tools-for-stm32.13.3.rel1.win32_1.0.100.202509120712/tools/bin/../lib/gcc/arm-none-eabi/13.3.1/thumb/v7e-m+fp/hard/crtbegin.o
                [!provide]                        PROVIDE (__fini_array_end = .)
                0x08008774                        . = ALIGN (0x4)
                0x08008774                        _sidata = LOADADDR (.data)

.rel.dyn        0x08008774        0x0
 .rel.iplt      0x08008774        0x0 C:/ST/STM32CubeIDE_2.0.0/STM32CubeIDE/plugins/com.st.stm32cube.ide.mcu.externaltools.gnu-tools-for-stm32.13.3.rel1.win32_1.0.100.202509120712/tools/bin/../lib/gcc/arm-none-eabi/13.3.1/thumb/v7e-m+fp/hard/crtbegin.o

.data           0x20000000       0x78 load address 0x08008774
                0x20000000                        . = ALIGN (0x4)
                0x20000000                        _sdata = .
 *(.data)
 *(.data*)
 .data.Font_11x18
                0x20000000        0x8 ./Core/Src/fonts.o
                0x20000000                Font_11x18
 .data.SystemCoreClock
                0x20000008        0x4 ./Core/Src/system_stm32f4xx.o
                0x20000008                SystemCoreClock
 .data.uwTickPrio
                0x2000000c        0x4 ./Drivers/STM32F4xx_HAL_Driver/Src/stm32f4xx_hal.o
                0x2000000c                uwTickPrio
 .data.uwTickFreq
                0x20000010        0x1 ./Drivers/STM32F4xx_HAL_Driver/Src/stm32f4xx_hal.o
                0x20000010                uwTickFreq
 .data.Stat     0x20000011        0x1 ./FATFS/Target/user_diskio.o
 *fill*         0x20000012        0x2 
 .data.USER_Driver
                0x20000014       0x14 ./FATFS/Target/user_diskio.o
                0x20000014                USER_Driver
 .data._impure_ptr
                0x20000028        0x4 C:/ST/STM32CubeIDE_2.0.0/STM32CubeIDE/plugins/com.st.stm32cube.ide.mcu.externaltools.gnu-tools-for-stm32.13.3.rel1.win32_1.0.100.202509120712/tools/bin/../lib/gcc/arm-none-eabi/13.3.1/../../../../arm-none-eabi/lib/thumb/v7e-m+fp/hard\libc_nano.a(libc_a-impure.o)
                0x20000028                _impure_ptr
 .data._impure_data
                0x2000002c       0x4c C:/ST/STM32CubeIDE_2.0.0/STM32CubeIDE/plugins/com.st.stm32cube.ide.mcu.externaltools.gnu-tools-for-stm32.13.3.rel1.win32_1.0.100.202509120712/tools/bin/../lib/gcc/arm-none-eabi/13.3.1/../../../../arm-none-eabi/lib/thumb/v7e-m+fp/hard\libc_nano.a(libc_a-impure.o)
                0x2000002c                _impure_data
 *(.RamFunc)
 *(.RamFunc*)
                0x20000078                        . = ALIGN (0x4)
                0x20000078                        _edata = .

.igot.plt       0x20000078        0x0 load address 0x080087ec
 .igot.plt      0x20000078        0x0 C:/ST/STM32CubeIDE_2.0.0/STM32CubeIDE/plugins/com.st.stm32cube.ide.mcu.externaltools.gnu-tools-for-stm32.13.3.rel1.win32_1.0.100.202509120712/tools/bin/../lib/gcc/arm-none-eabi/13.3.1/thumb/v7e-m+fp/hard/crtbegin.o
                0x20000078                        . = ALIGN (0x4)

.bss            0x20000078     0xa604 load address 0x080087ec
                0x20000078                        _sbss = .
                0x20000078                        __bss_start__ = _sbss
 *(.bss)
 .bss           0x20000078       0x1c C:/ST/STM32CubeIDE_2.0.0/STM32CubeIDE/plugins/com.st.stm32cube.ide.mcu.externaltools.gnu-tools-for-stm32.13.3.rel1.win32_1.0.100.202509120712/tools/bin/../lib/gcc/arm-none-eabi/13.3.1/thumb/v7e-m+fp/hard/crtbegin.o
 *(.bss*)
 .bss.current_cart_state
                0x20000094        0x1 ./Core/Src/assistive_cart_logic.o
 *fill*         0x20000095        0x3 
 .bss.hadc1     0x20000098       0x48 ./Core/Src/config.o
                0x20000098                hadc1
 .bss.hdac      0x200000e0       0x14 ./Core/Src/config.o
                0x200000e0                hdac
 .bss.hdma_dac1
                0x200000f4       0x60 ./Core/Src/config.o
                0x200000f4                hdma_dac1
 .bss.hi2c1     0x20000154       0x54 ./Core/Src/config.o
                0x20000154                hi2c1
 .bss.hspi1     0x200001a8       0x58 ./Core/Src/config.o
                0x200001a8                hspi1
 .bss.hspi4     0x20000200       0x58 ./Core/Src/config.o
                0x20000200                hspi4
 .bss.hdma_spi4_rx
                0x20000258       0x60 ./Core/Src/config.o
                0x20000258                hdma_spi4_rx
 .bss.htim2     0x200002b8       0x48 ./Core/Src/config.o
                0x200002b8                htim2
 .bss.htim5     0x20000300       0x48 ./Core/Src/config.o
                0x20000300                htim5
 .bss.htim6     0x20000348       0x48 ./Core/Src/config.o
                0x20000348                htim6
 .bss.htim9     0x20000390       0x48 ./Core/Src/config.o
                0x20000390                htim9
 .bss.htim11    0x200003d8       0x48 ./Core/Src/config.o
                0x200003d8                htim11
 .bss.htim14    0x20000420       0x48 ./Core/Src/config.o
                0x20000420                htim14
 .bss.huart3    0x20000468       0x48 ./Core/Src/config.o
                0x20000468                huart3
 .bss.huart6    0x200004b0       0x48 ./Core/Src/config.o
                0x200004b0                huart6
 .bss.call_depth
                0x200004f8        0x1 ./Core/Src/debugger.o
                0x200004f8                call_depth
 *fill*         0x200004f9        0x3 
 .bss.debug_trace_buf
                0x200004fc       0xa0 ./Core/Src/debugger.o
                0x200004fc                debug_trace_buf
 .bss.call_stack
                0x2000059c       0x14 ./Core/Src/debugger.o
                0x2000059c                call_stack
 .bss.system_msg_buf
                0x200005b0       0x80 ./Core/Src/debugger.o
 .bss.error_msg_buf
                0x20000630       0x80 ./Core/Src/debugger.o
                0x20000630                error_msg_buf
 .bss.current_diagnostic_state
                0x200006b0        0x1 ./Core/Src/diagnostic_handler.o
 *fill*         0x200006b1        0x3 
 .bss.sample_buffers
                0x200006b4     0x9d80 ./Core/Src/diagnostic_handler.o
 .bss.diag_config_flag
                0x2000a434        0x1 ./Core/Src/diagnostic_handler.o
                0x2000a434                diag_config_flag
 *fill*         0x2000a435        0x3 
 .bss.func_wave_1
                0x2000a438       0x34 ./Core/Src/diagnostic_handler.o
                0x2000a438                func_wave_1
 .bss.func_wave_2
                0x2000a46c       0x34 ./Core/Src/diagnostic_handler.o
                0x2000a46c                func_wave_2
 .bss.func_wave_3
                0x2000a4a0       0x34 ./Core/Src/diagnostic_handler.o
                0x2000a4a0                func_wave_3
 .bss.arby_wave
                0x2000a4d4       0x34 ./Core/Src/diagnostic_handler.o
                0x2000a4d4                arby_wave
 .bss.__sbrk_heap_end
                0x2000a508        0x4 ./Core/Src/sysmem.o
 .bss.global_state
                0x2000a50c        0x1 ./Core/Src/system.o
 *fill*         0x2000a50d        0x3 
 .bss.system_runtime_state
                0x2000a510        0x3 ./Core/Src/system.o
 *fill*         0x2000a513        0x1 
 .bss.system_request_state
                0x2000a514        0x3 ./Core/Src/system.o
 .bss.deinit_flag
                0x2000a517        0x1 ./Core/Src/system.o
 .bss.test_no   0x2000a518        0x1 ./Core/Tests/ui_interrupt_emulator.o
                0x2000a518                test_no
 .bss.event_seq_num
                0x2000a519        0x1 ./Core/Tests/ui_interrupt_emulator.o
                0x2000a519                event_seq_num
 *fill*         0x2000a51a        0x2 
 .bss.uwTick    0x2000a51c        0x4 ./Drivers/STM32F4xx_HAL_Driver/Src/stm32f4xx_hal.o
                0x2000a51c                uwTick
 .bss.retUSER   0x2000a520        0x1 ./FATFS/App/fatfs.o
                0x2000a520                retUSER
 *fill*         0x2000a521        0x3 
 .bss.USERPath  0x2000a524        0x4 ./FATFS/App/fatfs.o
                0x2000a524                USERPath
 .bss.disk      0x2000a528        0xc ./Middlewares/Third_Party/FatFs/src/ff_gen_drv.o
                0x2000a528                disk
 .bss.__sf      0x2000a534      0x138 C:/ST/STM32CubeIDE_2.0.0/STM32CubeIDE/plugins/com.st.stm32cube.ide.mcu.externaltools.gnu-tools-for-stm32.13.3.rel1.win32_1.0.100.202509120712/tools/bin/../lib/gcc/arm-none-eabi/13.3.1/../../../../arm-none-eabi/lib/thumb/v7e-m+fp/hard\libc_nano.a(libc_a-findfp.o)
                0x2000a534                __sf
 .bss.errno     0x2000a66c        0x4 C:/ST/STM32CubeIDE_2.0.0/STM32CubeIDE/plugins/com.st.stm32cube.ide.mcu.externaltools.gnu-tools-for-stm32.13.3.rel1.win32_1.0.100.202509120712/tools/bin/../lib/gcc/arm-none-eabi/13.3.1/../../../../arm-none-eabi/lib/thumb/v7e-m+fp/hard\libc_nano.a(libc_a-reent.o)
                0x2000a66c                errno
 .bss.__lock___malloc_recursive_mutex
                0x2000a670        0x1 C:/ST/STM32CubeIDE_2.0.0/STM32CubeIDE/plugins/com.st.stm32cube.ide.mcu.externaltools.gnu-tools-for-stm32.13.3.rel1.win32_1.0.100.202509120712/tools/bin/../lib/gcc/arm-none-eabi/13.3.1/../../../../arm-none-eabi/lib/thumb/v7e-m+fp/hard\libc_nano.a(libc_a-lock.o)
                0x2000a670                __lock___malloc_recursive_mutex
 *fill*         0x2000a671        0x3 
 .bss.__malloc_sbrk_start
                0x2000a674        0x4 C:/ST/STM32CubeIDE_2.0.0/STM32CubeIDE/plugins/com.st.stm32cube.ide.mcu.externaltools.gnu-tools-for-stm32.13.3.rel1.win32_1.0.100.202509120712/tools/bin/../lib/gcc/arm-none-eabi/13.3.1/../../../../arm-none-eabi/lib/thumb/v7e-m+fp/hard\libc_nano.a(libc_a-mallocr.o)
                0x2000a674                __malloc_sbrk_start
 .bss.__malloc_free_list
                0x2000a678        0x4 C:/ST/STM32CubeIDE_2.0.0/STM32CubeIDE/plugins/com.st.stm32cube.ide.mcu.externaltools.gnu-tools-for-stm32.13.3.rel1.win32_1.0.100.202509120712/tools/bin/../lib/gcc/arm-none-eabi/13.3.1/../../../../arm-none-eabi/lib/thumb/v7e-m+fp/hard\libc_nano.a(libc_a-mallocr.o)
                0x2000a678                __malloc_free_list
 *(COMMON)
                0x2000a67c                        . = ALIGN (0x4)
                0x2000a67c                        _ebss = .
                0x2000a67c                        __bss_end__ = _ebss

._user_heap_stack
                0x2000a67c      0x604 load address 0x080087ec
                0x2000a680                        . = ALIGN (0x8)
 *fill*         0x2000a67c        0x4 
                [!provide]                        PROVIDE (end = .)
                0x2000a680                        PROVIDE (_end = .)
                0x2000a880                        . = (. + _Min_Heap_Size)
 *fill*         0x2000a680      0x200 
                0x2000ac80                        . = (. + _Min_Stack_Size)
 *fill*         0x2000a880      0x400 
                0x2000ac80                        . = ALIGN (0x8)

/DISCARD/
 libc.a(*)
 libm.a(*)
 libgcc.a(*)

.ARM.attributes
                0x00000000       0x30
 *(.ARM.attributes)
 .ARM.attributes
                0x00000000       0x22 C:/ST/STM32CubeIDE_2.0.0/STM32CubeIDE/plugins/com.st.stm32cube.ide.mcu.externaltools.gnu-tools-for-stm32.13.3.rel1.win32_1.0.100.202509120712/tools/bin/../lib/gcc/arm-none-eabi/13.3.1/thumb/v7e-m+fp/hard/crti.o
 .ARM.attributes
                0x00000022       0x34 C:/ST/STM32CubeIDE_2.0.0/STM32CubeIDE/plugins/com.st.stm32cube.ide.mcu.externaltools.gnu-tools-for-stm32.13.3.rel1.win32_1.0.100.202509120712/tools/bin/../lib/gcc/arm-none-eabi/13.3.1/thumb/v7e-m+fp/hard/crtbegin.o
 .ARM.attributes
                0x00000056       0x34 ./Core/Src/assistive_cart_logic.o
 .ARM.attributes
                0x0000008a       0x34 ./Core/Src/config.o
 .ARM.attributes
                0x000000be       0x34 ./Core/Src/debugger.o
 .ARM.attributes
                0x000000f2       0x34 ./Core/Src/diagnostic_handler.o
 .ARM.attributes
                0x00000126       0x34 ./Core/Src/fonts.o
 .ARM.attributes
                0x0000015a       0x34 ./Core/Src/main.o
 .ARM.attributes
                0x0000018e       0x34 ./Core/Src/stm32f4xx_hal_msp.o
 .ARM.attributes
                0x000001c2       0x34 ./Core/Src/stm32f4xx_it.o
 .ARM.attributes
                0x000001f6       0x34 ./Core/Src/sysmem.o
 .ARM.attributes
                0x0000022a       0x34 ./Core/Src/system.o
 .ARM.attributes
                0x0000025e       0x34 ./Core/Src/system_stm32f4xx.o
 .ARM.attributes
                0x00000292       0x34 ./Core/Src/tft_lcd.o
 .ARM.attributes
                0x000002c6       0x21 ./Core/Startup/startup_stm32f446zetx.o
 .ARM.attributes
                0x000002e7       0x34 ./Core/Tests/project_assert.o
 .ARM.attributes
                0x0000031b       0x34 ./Core/Tests/test_project.o
 .ARM.attributes
                0x0000034f       0x34 ./Core/Tests/ui_interrupt_emulator.o
 .ARM.attributes
                0x00000383       0x34 ./Drivers/STM32F4xx_HAL_Driver/Src/stm32f4xx_hal.o
 .ARM.attributes
                0x000003b7       0x34 ./Drivers/STM32F4xx_HAL_Driver/Src/stm32f4xx_hal_adc.o
 .ARM.attributes
                0x000003eb       0x34 ./Drivers/STM32F4xx_HAL_Driver/Src/stm32f4xx_hal_cortex.o
 .ARM.attributes
                0x0000041f       0x34 ./Drivers/STM32F4xx_HAL_Driver/Src/stm32f4xx_hal_dac.o
 .ARM.attributes
                0x00000453       0x34 ./Drivers/STM32F4xx_HAL_Driver/Src/stm32f4xx_hal_dma.o
 .ARM.attributes
                0x00000487       0x34 ./Drivers/STM32F4xx_HAL_Driver/Src/stm32f4xx_hal_gpio.o
 .ARM.attributes
                0x000004bb       0x34 ./Drivers/STM32F4xx_HAL_Driver/Src/stm32f4xx_hal_i2c.o
 .ARM.attributes
                0x000004ef       0x34 ./Drivers/STM32F4xx_HAL_Driver/Src/stm32f4xx_hal_rcc.o
 .ARM.attributes
                0x00000523       0x34 ./Drivers/STM32F4xx_HAL_Driver/Src/stm32f4xx_hal_rcc_ex.o
 .ARM.attributes
                0x00000557       0x34 ./Drivers/STM32F4xx_HAL_Driver/Src/stm32f4xx_hal_spi.o
 .ARM.attributes
                0x0000058b       0x34 ./Drivers/STM32F4xx_HAL_Driver/Src/stm32f4xx_hal_tim.o
 .ARM.attributes
                0x000005bf       0x34 ./Drivers/STM32F4xx_HAL_Driver/Src/stm32f4xx_hal_tim_ex.o
 .ARM.attributes
                0x000005f3       0x34 ./Drivers/STM32F4xx_HAL_Driver/Src/stm32f4xx_hal_uart.o
 .ARM.attributes
                0x00000627       0x34 ./FATFS/App/fatfs.o
 .ARM.attributes
                0x0000065b       0x34 ./FATFS/Target/user_diskio.o
 .ARM.attributes
                0x0000068f       0x34 ./Middlewares/Third_Party/FatFs/src/ff_gen_drv.o
 .ARM.attributes
                0x000006c3       0x34 C:/ST/STM32CubeIDE_2.0.0/STM32CubeIDE/plugins/com.st.stm32cube.ide.mcu.externaltools.gnu-tools-for-stm32.13.3.rel1.win32_1.0.100.202509120712/tools/bin/../lib/gcc/arm-none-eabi/13.3.1/../../../../arm-none-eabi/lib/thumb/v7e-m+fp/hard\libc_nano.a(libc_a-findfp.o)
 .ARM.attributes
                0x000006f7       0x34 C:/ST/STM32CubeIDE_2.0.0/STM32CubeIDE/plugins/com.st.stm32cube.ide.mcu.externaltools.gnu-tools-for-stm32.13.3.rel1.win32_1.0.100.202509120712/tools/bin/../lib/gcc/arm-none-eabi/13.3.1/../../../../arm-none-eabi/lib/thumb/v7e-m+fp/hard\libc_nano.a(libc_a-sprintf.o)
 .ARM.attributes
                0x0000072b       0x34 C:/ST/STM32CubeIDE_2.0.0/STM32CubeIDE/plugins/com.st.stm32cube.ide.mcu.externaltools.gnu-tools-for-stm32.13.3.rel1.win32_1.0.100.202509120712/tools/bin/../lib/gcc/arm-none-eabi/13.3.1/../../../../arm-none-eabi/lib/thumb/v7e-m+fp/hard\libc_nano.a(libc_a-vsnprintf.o)
 .ARM.attributes
                0x0000075f       0x34 C:/ST/STM32CubeIDE_2.0.0/STM32CubeIDE/plugins/com.st.stm32cube.ide.mcu.externaltools.gnu-tools-for-stm32.13.3.rel1.win32_1.0.100.202509120712/tools/bin/../lib/gcc/arm-none-eabi/13.3.1/../../../../arm-none-eabi/lib/thumb/v7e-m+fp/hard\libc_nano.a(libc_a-memset.o)
 .ARM.attributes
                0x00000793       0x34 C:/ST/STM32CubeIDE_2.0.0/STM32CubeIDE/plugins/com.st.stm32cube.ide.mcu.externaltools.gnu-tools-for-stm32.13.3.rel1.win32_1.0.100.202509120712/tools/bin/../lib/gcc/arm-none-eabi/13.3.1/../../../../arm-none-eabi/lib/thumb/v7e-m+fp/hard\libc_nano.a(libc_a-reent.o)
 .ARM.attributes
                0x000007c7       0x34 C:/ST/STM32CubeIDE_2.0.0/STM32CubeIDE/plugins/com.st.stm32cube.ide.mcu.externaltools.gnu-tools-for-stm32.13.3.rel1.win32_1.0.100.202509120712/tools/bin/../lib/gcc/arm-none-eabi/13.3.1/../../../../arm-none-eabi/lib/thumb/v7e-m+fp/hard\libc_nano.a(libc_a-impure.o)
 .ARM.attributes
                0x000007fb       0x34 C:/ST/STM32CubeIDE_2.0.0/STM32CubeIDE/plugins/com.st.stm32cube.ide.mcu.externaltools.gnu-tools-for-stm32.13.3.rel1.win32_1.0.100.202509120712/tools/bin/../lib/gcc/arm-none-eabi/13.3.1/../../../../arm-none-eabi/lib/thumb/v7e-m+fp/hard\libc_nano.a(libc_a-errno.o)
 .ARM.attributes
                0x0000082f       0x34 C:/ST/STM32CubeIDE_2.0.0/STM32CubeIDE/plugins/com.st.stm32cube.ide.mcu.externaltools.gnu-tools-for-stm32.13.3.rel1.win32_1.0.100.202509120712/tools/bin/../lib/gcc/arm-none-eabi/13.3.1/../../../../arm-none-eabi/lib/thumb/v7e-m+fp/hard\libc_nano.a(libc_a-init.o)
 .ARM.attributes
                0x00000863       0x34 C:/ST/STM32CubeIDE_2.0.0/STM32CubeIDE/plugins/com.st.stm32cube.ide.mcu.externaltools.gnu-tools-for-stm32.13.3.rel1.win32_1.0.100.202509120712/tools/bin/../lib/gcc/arm-none-eabi/13.3.1/../../../../arm-none-eabi/lib/thumb/v7e-m+fp/hard\libc_nano.a(libc_a-lock.o)
 .ARM.attributes
                0x00000897       0x17 C:/ST/STM32CubeIDE_2.0.0/STM32CubeIDE/plugins/com.st.stm32cube.ide.mcu.externaltools.gnu-tools-for-stm32.13.3.rel1.win32_1.0.100.202509120712/tools/bin/../lib/gcc/arm-none-eabi/13.3.1/../../../../arm-none-eabi/lib/thumb/v7e-m+fp/hard\libc_nano.a(libc_a-strlen.o)
 .ARM.attributes
                0x000008ae       0x34 C:/ST/STM32CubeIDE_2.0.0/STM32CubeIDE/plugins/com.st.stm32cube.ide.mcu.externaltools.gnu-tools-for-stm32.13.3.rel1.win32_1.0.100.202509120712/tools/bin/../lib/gcc/arm-none-eabi/13.3.1/../../../../arm-none-eabi/lib/thumb/v7e-m+fp/hard\libc_nano.a(libc_a-freer.o)
 .ARM.attributes
                0x000008e2       0x34 C:/ST/STM32CubeIDE_2.0.0/STM32CubeIDE/plugins/com.st.stm32cube.ide.mcu.externaltools.gnu-tools-for-stm32.13.3.rel1.win32_1.0.100.202509120712/tools/bin/../lib/gcc/arm-none-eabi/13.3.1/../../../../arm-none-eabi/lib/thumb/v7e-m+fp/hard\libc_nano.a(libc_a-mallocr.o)
 .ARM.attributes
                0x00000916       0x34 C:/ST/STM32CubeIDE_2.0.0/STM32CubeIDE/plugins/com.st.stm32cube.ide.mcu.externaltools.gnu-tools-for-stm32.13.3.rel1.win32_1.0.100.202509120712/tools/bin/../lib/gcc/arm-none-eabi/13.3.1/../../../../arm-none-eabi/lib/thumb/v7e-m+fp/hard\libc_nano.a(libc_a-mlock.o)
 .ARM.attributes
                0x0000094a       0x34 C:/ST/STM32CubeIDE_2.0.0/STM32CubeIDE/plugins/com.st.stm32cube.ide.mcu.externaltools.gnu-tools-for-stm32.13.3.rel1.win32_1.0.100.202509120712/tools/bin/../lib/gcc/arm-none-eabi/13.3.1/../../../../arm-none-eabi/lib/thumb/v7e-m+fp/hard\libc_nano.a(libc_a-nano-svfprintf.o)
 .ARM.attributes
                0x0000097e       0x34 C:/ST/STM32CubeIDE_2.0.0/STM32CubeIDE/plugins/com.st.stm32cube.ide.mcu.externaltools.gnu-tools-for-stm32.13.3.rel1.win32_1.0.100.202509120712/tools/bin/../lib/gcc/arm-none-eabi/13.3.1/../../../../arm-none-eabi/lib/thumb/v7e-m+fp/hard\libc_nano.a(libc_a-nano-vfprintf_i.o)
 .ARM.attributes
                0x000009b2       0x34 C:/ST/STM32CubeIDE_2.0.0/STM32CubeIDE/plugins/com.st.stm32cube.ide.mcu.externaltools.gnu-tools-for-stm32.13.3.rel1.win32_1.0.100.202509120712/tools/bin/../lib/gcc/arm-none-eabi/13.3.1/../../../../arm-none-eabi/lib/thumb/v7e-m+fp/hard\libc_nano.a(libc_a-memmove.o)
 .ARM.attributes
                0x000009e6       0x34 C:/ST/STM32CubeIDE_2.0.0/STM32CubeIDE/plugins/com.st.stm32cube.ide.mcu.externaltools.gnu-tools-for-stm32.13.3.rel1.win32_1.0.100.202509120712/tools/bin/../lib/gcc/arm-none-eabi/13.3.1/../../../../arm-none-eabi/lib/thumb/v7e-m+fp/hard\libc_nano.a(libc_a-sbrkr.o)
 .ARM.attributes
                0x00000a1a       0x1c C:/ST/STM32CubeIDE_2.0.0/STM32CubeIDE/plugins/com.st.stm32cube.ide.mcu.externaltools.gnu-tools-for-stm32.13.3.rel1.win32_1.0.100.202509120712/tools/bin/../lib/gcc/arm-none-eabi/13.3.1/../../../../arm-none-eabi/lib/thumb/v7e-m+fp/hard\libc_nano.a(libc_a-memchr.o)
 .ARM.attributes
                0x00000a36       0x34 C:/ST/STM32CubeIDE_2.0.0/STM32CubeIDE/plugins/com.st.stm32cube.ide.mcu.externaltools.gnu-tools-for-stm32.13.3.rel1.win32_1.0.100.202509120712/tools/bin/../lib/gcc/arm-none-eabi/13.3.1/../../../../arm-none-eabi/lib/thumb/v7e-m+fp/hard\libc_nano.a(libc_a-memcpy-stub.o)
 .ARM.attributes
                0x00000a6a       0x34 C:/ST/STM32CubeIDE_2.0.0/STM32CubeIDE/plugins/com.st.stm32cube.ide.mcu.externaltools.gnu-tools-for-stm32.13.3.rel1.win32_1.0.100.202509120712/tools/bin/../lib/gcc/arm-none-eabi/13.3.1/../../../../arm-none-eabi/lib/thumb/v7e-m+fp/hard\libc_nano.a(libc_a-reallocr.o)
 .ARM.attributes
                0x00000a9e       0x34 C:/ST/STM32CubeIDE_2.0.0/STM32CubeIDE/plugins/com.st.stm32cube.ide.mcu.externaltools.gnu-tools-for-stm32.13.3.rel1.win32_1.0.100.202509120712/tools/bin/../lib/gcc/arm-none-eabi/13.3.1/../../../../arm-none-eabi/lib/thumb/v7e-m+fp/hard\libc_nano.a(libc_a-msizer.o)
 .ARM.attributes
                0x00000ad2       0x22 C:/ST/STM32CubeIDE_2.0.0/STM32CubeIDE/plugins/com.st.stm32cube.ide.mcu.externaltools.gnu-tools-for-stm32.13.3.rel1.win32_1.0.100.202509120712/tools/bin/../lib/gcc/arm-none-eabi/13.3.1/thumb/v7e-m+fp/hard\libgcc.a(_aeabi_uldivmod.o)
 .ARM.attributes
                0x00000af4       0x34 C:/ST/STM32CubeIDE_2.0.0/STM32CubeIDE/plugins/com.st.stm32cube.ide.mcu.externaltools.gnu-tools-for-stm32.13.3.rel1.win32_1.0.100.202509120712/tools/bin/../lib/gcc/arm-none-eabi/13.3.1/thumb/v7e-m+fp/hard\libgcc.a(_udivmoddi4.o)
 .ARM.attributes
                0x00000b28       0x22 C:/ST/STM32CubeIDE_2.0.0/STM32CubeIDE/plugins/com.st.stm32cube.ide.mcu.externaltools.gnu-tools-for-stm32.13.3.rel1.win32_1.0.100.202509120712/tools/bin/../lib/gcc/arm-none-eabi/13.3.1/thumb/v7e-m+fp/hard\libgcc.a(_dvmd_tls.o)
 .ARM.attributes
                0x00000b4a       0x22 C:/ST/STM32CubeIDE_2.0.0/STM32CubeIDE/plugins/com.st.stm32cube.ide.mcu.externaltools.gnu-tools-for-stm32.13.3.rel1.win32_1.0.100.202509120712/tools/bin/../lib/gcc/arm-none-eabi/13.3.1/thumb/v7e-m+fp/hard/crtn.o
OUTPUT(final_projectCubeIDE.elf elf32-littlearm)
LOAD linker stubs
LOAD C:/ST/STM32CubeIDE_2.0.0/STM32CubeIDE/plugins/com.st.stm32cube.ide.mcu.externaltools.gnu-tools-for-stm32.13.3.rel1.win32_1.0.100.202509120712/tools/bin/../lib/gcc/arm-none-eabi/13.3.1/../../../../arm-none-eabi/lib/thumb/v7e-m+fp/hard\libc.a
LOAD C:/ST/STM32CubeIDE_2.0.0/STM32CubeIDE/plugins/com.st.stm32cube.ide.mcu.externaltools.gnu-tools-for-stm32.13.3.rel1.win32_1.0.100.202509120712/tools/bin/../lib/gcc/arm-none-eabi/13.3.1/../../../../arm-none-eabi/lib/thumb/v7e-m+fp/hard\libm.a
LOAD C:/ST/STM32CubeIDE_2.0.0/STM32CubeIDE/plugins/com.st.stm32cube.ide.mcu.externaltools.gnu-tools-for-stm32.13.3.rel1.win32_1.0.100.202509120712/tools/bin/../lib/gcc/arm-none-eabi/13.3.1/thumb/v7e-m+fp/hard\libgcc.a

.debug_info     0x00000000    0x17163
 .debug_info    0x00000000       0xd2 ./Core/Src/assistive_cart_logic.o
 .debug_info    0x000000d2     0x22b1 ./Core/Src/config.o
 .debug_info    0x00002383      0x7f5 ./Core/Src/debugger.o
 .debug_info    0x00002b78      0x2bb ./Core/Src/diagnostic_handler.o
 .debug_info    0x00002e33      0x12e ./Core/Src/fonts.o
 .debug_info    0x00002f61      0x291 ./Core/Src/main.o
 .debug_info    0x000031f2     0x1cf9 ./Core/Src/stm32f4xx_hal_msp.o
 .debug_info    0x00004eeb      0x79d ./Core/Src/stm32f4xx_it.o
 .debug_info    0x00005688      0x168 ./Core/Src/sysmem.o
 .debug_info    0x000057f0      0x36a ./Core/Src/system.o
 .debug_info    0x00005b5a      0x54a ./Core/Src/system_stm32f4xx.o
 .debug_info    0x000060a4      0x989 ./Core/Src/tft_lcd.o
 .debug_info    0x00006a2d       0x30 ./Core/Startup/startup_stm32f446zetx.o
 .debug_info    0x00006a5d       0xe2 ./Core/Tests/project_assert.o
 .debug_info    0x00006b3f       0xc9 ./Core/Tests/test_project.o
 .debug_info    0x00006c08      0x26f ./Core/Tests/ui_interrupt_emulator.o
 .debug_info    0x00006e77      0x99a ./Drivers/STM32F4xx_HAL_Driver/Src/stm32f4xx_hal.o
 .debug_info    0x00007811      0xce3 ./Drivers/STM32F4xx_HAL_Driver/Src/stm32f4xx_hal_adc.o
 .debug_info    0x000084f4      0xdaa ./Drivers/STM32F4xx_HAL_Driver/Src/stm32f4xx_hal_cortex.o
 .debug_info    0x0000929e      0xa01 ./Drivers/STM32F4xx_HAL_Driver/Src/stm32f4xx_hal_dac.o
 .debug_info    0x00009c9f      0x8e7 ./Drivers/STM32F4xx_HAL_Driver/Src/stm32f4xx_hal_dma.o
 .debug_info    0x0000a586      0x70b ./Drivers/STM32F4xx_HAL_Driver/Src/stm32f4xx_hal_gpio.o
 .debug_info    0x0000ac91     0x2421 ./Drivers/STM32F4xx_HAL_Driver/Src/stm32f4xx_hal_i2c.o
 .debug_info    0x0000d0b2      0x8ff ./Drivers/STM32F4xx_HAL_Driver/Src/stm32f4xx_hal_rcc.o
 .debug_info    0x0000d9b1      0x960 ./Drivers/STM32F4xx_HAL_Driver/Src/stm32f4xx_hal_rcc_ex.o
 .debug_info    0x0000e311     0x1525 ./Drivers/STM32F4xx_HAL_Driver/Src/stm32f4xx_hal_spi.o
 .debug_info    0x0000f836     0x299d ./Drivers/STM32F4xx_HAL_Driver/Src/stm32f4xx_hal_tim.o
 .debug_info    0x000121d3     0x14db ./Drivers/STM32F4xx_HAL_Driver/Src/stm32f4xx_hal_tim_ex.o
 .debug_info    0x000136ae     0x2f4f ./Drivers/STM32F4xx_HAL_Driver/Src/stm32f4xx_hal_uart.o
 .debug_info    0x000165fd      0x4bf ./FATFS/App/fatfs.o
 .debug_info    0x00016abc      0x328 ./FATFS/Target/user_diskio.o
 .debug_info    0x00016de4      0x37f ./Middlewares/Third_Party/FatFs/src/ff_gen_drv.o

.debug_abbrev   0x00000000     0x382f
 .debug_abbrev  0x00000000       0x83 ./Core/Src/assistive_cart_logic.o
 .debug_abbrev  0x00000083      0x29a ./Core/Src/config.o
 .debug_abbrev  0x0000031d      0x252 ./Core/Src/debugger.o
 .debug_abbrev  0x0000056f      0x125 ./Core/Src/diagnostic_handler.o
 .debug_abbrev  0x00000694       0xaf ./Core/Src/fonts.o
 .debug_abbrev  0x00000743      0x12d ./Core/Src/main.o
 .debug_abbrev  0x00000870      0x27d ./Core/Src/stm32f4xx_hal_msp.o
 .debug_abbrev  0x00000aed      0x1c4 ./Core/Src/stm32f4xx_it.o
 .debug_abbrev  0x00000cb1       0xbc ./Core/Src/sysmem.o
 .debug_abbrev  0x00000d6d      0x192 ./Core/Src/system.o
 .debug_abbrev  0x00000eff      0x11a ./Core/Src/system_stm32f4xx.o
 .debug_abbrev  0x00001019      0x213 ./Core/Src/tft_lcd.o
 .debug_abbrev  0x0000122c       0x24 ./Core/Startup/startup_stm32f446zetx.o
 .debug_abbrev  0x00001250       0x98 ./Core/Tests/project_assert.o
 .debug_abbrev  0x000012e8       0x7a ./Core/Tests/test_project.o
 .debug_abbrev  0x00001362      0x105 ./Core/Tests/ui_interrupt_emulator.o
 .debug_abbrev  0x00001467      0x214 ./Drivers/STM32F4xx_HAL_Driver/Src/stm32f4xx_hal.o
 .debug_abbrev  0x0000167b      0x252 ./Drivers/STM32F4xx_HAL_Driver/Src/stm32f4xx_hal_adc.o
 .debug_abbrev  0x000018cd      0x31d ./Drivers/STM32F4xx_HAL_Driver/Src/stm32f4xx_hal_cortex.o
 .debug_abbrev  0x00001bea      0x1fa ./Drivers/STM32F4xx_HAL_Driver/Src/stm32f4xx_hal_dac.o
 .debug_abbrev  0x00001de4      0x264 ./Drivers/STM32F4xx_HAL_Driver/Src/stm32f4xx_hal_dma.o
 .debug_abbrev  0x00002048      0x1d4 ./Drivers/STM32F4xx_HAL_Driver/Src/stm32f4xx_hal_gpio.o
 .debug_abbrev  0x0000221c      0x2ad ./Drivers/STM32F4xx_HAL_Driver/Src/stm32f4xx_hal_i2c.o
 .debug_abbrev  0x000024c9      0x2b7 ./Drivers/STM32F4xx_HAL_Driver/Src/stm32f4xx_hal_rcc.o
 .debug_abbrev  0x00002780      0x211 ./Drivers/STM32F4xx_HAL_Driver/Src/stm32f4xx_hal_rcc_ex.o
 .debug_abbrev  0x00002991      0x27a ./Drivers/STM32F4xx_HAL_Driver/Src/stm32f4xx_hal_spi.o
 .debug_abbrev  0x00002c0b      0x278 ./Drivers/STM32F4xx_HAL_Driver/Src/stm32f4xx_hal_tim.o
 .debug_abbrev  0x00002e83      0x283 ./Drivers/STM32F4xx_HAL_Driver/Src/stm32f4xx_hal_tim_ex.o
 .debug_abbrev  0x00003106      0x30e ./Drivers/STM32F4xx_HAL_Driver/Src/stm32f4xx_hal_uart.o
 .debug_abbrev  0x00003414      0x140 ./FATFS/App/fatfs.o
 .debug_abbrev  0x00003554      0x13c ./FATFS/Target/user_diskio.o
 .debug_abbrev  0x00003690      0x19f ./Middlewares/Third_Party/FatFs/src/ff_gen_drv.o

.debug_aranges  0x00000000     0x1680
 .debug_aranges
                0x00000000       0x28 ./Core/Src/assistive_cart_logic.o
 .debug_aranges
                0x00000028       0xd8 ./Core/Src/config.o
 .debug_aranges
                0x00000100       0x40 ./Core/Src/debugger.o
 .debug_aranges
                0x00000140       0x30 ./Core/Src/diagnostic_handler.o
 .debug_aranges
                0x00000170       0x18 ./Core/Src/fonts.o
 .debug_aranges
                0x00000188       0x20 ./Core/Src/main.o
 .debug_aranges
                0x000001a8       0x98 ./Core/Src/stm32f4xx_hal_msp.o
 .debug_aranges
                0x00000240       0x98 ./Core/Src/stm32f4xx_it.o
 .debug_aranges
                0x000002d8       0x20 ./Core/Src/sysmem.o
 .debug_aranges
                0x000002f8       0x68 ./Core/Src/system.o
 .debug_aranges
                0x00000360       0x28 ./Core/Src/system_stm32f4xx.o
 .debug_aranges
                0x00000388       0x50 ./Core/Src/tft_lcd.o
 .debug_aranges
                0x000003d8       0x28 ./Core/Startup/startup_stm32f446zetx.o
 .debug_aranges
                0x00000400       0x20 ./Core/Tests/project_assert.o
 .debug_aranges
                0x00000420       0x20 ./Core/Tests/test_project.o
 .debug_aranges
                0x00000440       0x38 ./Core/Tests/ui_interrupt_emulator.o
 .debug_aranges
                0x00000478       0xf0 ./Drivers/STM32F4xx_HAL_Driver/Src/stm32f4xx_hal.o
 .debug_aranges
                0x00000568       0xe8 ./Drivers/STM32F4xx_HAL_Driver/Src/stm32f4xx_hal_adc.o
 .debug_aranges
                0x00000650      0x130 ./Drivers/STM32F4xx_HAL_Driver/Src/stm32f4xx_hal_cortex.o
 .debug_aranges
                0x00000780       0xc0 ./Drivers/STM32F4xx_HAL_Driver/Src/stm32f4xx_hal_dac.o
 .debug_aranges
                0x00000840       0x90 ./Drivers/STM32F4xx_HAL_Driver/Src/stm32f4xx_hal_dma.o
 .debug_aranges
                0x000008d0       0x58 ./Drivers/STM32F4xx_HAL_Driver/Src/stm32f4xx_hal_gpio.o
 .debug_aranges
                0x00000928      0x2a8 ./Drivers/STM32F4xx_HAL_Driver/Src/stm32f4xx_hal_i2c.o
 .debug_aranges
                0x00000bd0       0x88 ./Drivers/STM32F4xx_HAL_Driver/Src/stm32f4xx_hal_rcc.o
 .debug_aranges
                0x00000c58       0x78 ./Drivers/STM32F4xx_HAL_Driver/Src/stm32f4xx_hal_rcc_ex.o
 .debug_aranges
                0x00000cd0      0x1d0 ./Drivers/STM32F4xx_HAL_Driver/Src/stm32f4xx_hal_spi.o
 .debug_aranges
                0x00000ea0      0x3d0 ./Drivers/STM32F4xx_HAL_Driver/Src/stm32f4xx_hal_tim.o
 .debug_aranges
                0x00001270      0x168 ./Drivers/STM32F4xx_HAL_Driver/Src/stm32f4xx_hal_tim_ex.o
 .debug_aranges
                0x000013d8      0x208 ./Drivers/STM32F4xx_HAL_Driver/Src/stm32f4xx_hal_uart.o
 .debug_aranges
                0x000015e0       0x20 ./FATFS/App/fatfs.o
 .debug_aranges
                0x00001600       0x40 ./FATFS/Target/user_diskio.o
 .debug_aranges
                0x00001640       0x40 ./Middlewares/Third_Party/FatFs/src/ff_gen_drv.o

.debug_rnglists
                0x00000000     0x116f
 .debug_rnglists
                0x00000000       0x19 ./Core/Src/assistive_cart_logic.o
 .debug_rnglists
                0x00000019       0xa6 ./Core/Src/config.o
 .debug_rnglists
                0x000000bf       0x2c ./Core/Src/debugger.o
 .debug_rnglists
                0x000000eb       0x1f ./Core/Src/diagnostic_handler.o
 .debug_rnglists
                0x0000010a       0x14 ./Core/Src/main.o
 .debug_rnglists
                0x0000011e       0x75 ./Core/Src/stm32f4xx_hal_msp.o
 .debug_rnglists
                0x00000193       0x6d ./Core/Src/stm32f4xx_it.o
 .debug_rnglists
                0x00000200       0x13 ./Core/Src/sysmem.o
 .debug_rnglists
                0x00000213       0x4a ./Core/Src/system.o
 .debug_rnglists
                0x0000025d       0x1a ./Core/Src/system_stm32f4xx.o
 .debug_rnglists
                0x00000277       0x3a ./Core/Src/tft_lcd.o
 .debug_rnglists
                0x000002b1       0x19 ./Core/Startup/startup_stm32f446zetx.o
 .debug_rnglists
                0x000002ca       0x13 ./Core/Tests/project_assert.o
 .debug_rnglists
                0x000002dd       0x13 ./Core/Tests/test_project.o
 .debug_rnglists
                0x000002f0       0x28 ./Core/Tests/ui_interrupt_emulator.o
 .debug_rnglists
                0x00000318       0xaf ./Drivers/STM32F4xx_HAL_Driver/Src/stm32f4xx_hal.o
 .debug_rnglists
                0x000003c7       0xb5 ./Drivers/STM32F4xx_HAL_Driver/Src/stm32f4xx_hal_adc.o
 .debug_rnglists
                0x0000047c       0xe0 ./Drivers/STM32F4xx_HAL_Driver/Src/stm32f4xx_hal_cortex.o
 .debug_rnglists
                0x0000055c       0x90 ./Drivers/STM32F4xx_HAL_Driver/Src/stm32f4xx_hal_dac.o
 .debug_rnglists
                0x000005ec       0x70 ./Drivers/STM32F4xx_HAL_Driver/Src/stm32f4xx_hal_dma.o
 .debug_rnglists
                0x0000065c       0x3f ./Drivers/STM32F4xx_HAL_Driver/Src/stm32f4xx_hal_gpio.o
 .debug_rnglists
                0x0000069b      0x23c ./Drivers/STM32F4xx_HAL_Driver/Src/stm32f4xx_hal_i2c.o
 .debug_rnglists
                0x000008d7       0x66 ./Drivers/STM32F4xx_HAL_Driver/Src/stm32f4xx_hal_rcc.o
 .debug_rnglists
                0x0000093d       0x5e ./Drivers/STM32F4xx_HAL_Driver/Src/stm32f4xx_hal_rcc_ex.o
 .debug_rnglists
                0x0000099b      0x16f ./Drivers/STM32F4xx_HAL_Driver/Src/stm32f4xx_hal_spi.o
 .debug_rnglists
                0x00000b0a      0x31a ./Drivers/STM32F4xx_HAL_Driver/Src/stm32f4xx_hal_tim.o
 .debug_rnglists
                0x00000e24      0x125 ./Drivers/STM32F4xx_HAL_Driver/Src/stm32f4xx_hal_tim_ex.o
 .debug_rnglists
                0x00000f49      0x1bc ./Drivers/STM32F4xx_HAL_Driver/Src/stm32f4xx_hal_uart.o
 .debug_rnglists
                0x00001105       0x13 ./FATFS/App/fatfs.o
 .debug_rnglists
                0x00001118       0x2b ./FATFS/Target/user_diskio.o
 .debug_rnglists
                0x00001143       0x2c ./Middlewares/Third_Party/FatFs/src/ff_gen_drv.o

.debug_macro    0x00000000    0x27e41
 .debug_macro   0x00000000      0x37b ./Core/Src/assistive_cart_logic.o
 .debug_macro   0x0000037b      0xad8 ./Core/Src/assistive_cart_logic.o
 .debug_macro   0x00000e53      0x2b3 ./Core/Src/assistive_cart_logic.o
 .debug_macro   0x00001106       0x2e ./Core/Src/assistive_cart_logic.o
 .debug_macro   0x00001134       0x28 ./Core/Src/assistive_cart_logic.o
 .debug_macro   0x0000115c       0x22 ./Core/Src/assistive_cart_logic.o
 .debug_macro   0x0000117e       0x8e ./Core/Src/assistive_cart_logic.o
 .debug_macro   0x0000120c       0x51 ./Core/Src/assistive_cart_logic.o
 .debug_macro   0x0000125d      0x103 ./Core/Src/assistive_cart_logic.o
 .debug_macro   0x00001360       0x6a ./Core/Src/assistive_cart_logic.o
 .debug_macro   0x000013ca      0x1df ./Core/Src/assistive_cart_logic.o
 .debug_macro   0x000015a9       0x1c ./Core/Src/assistive_cart_logic.o
 .debug_macro   0x000015c5       0x22 ./Core/Src/assistive_cart_logic.o
 .debug_macro   0x000015e7       0xfb ./Core/Src/assistive_cart_logic.o
 .debug_macro   0x000016e2     0x1011 ./Core/Src/assistive_cart_logic.o
 .debug_macro   0x000026f3      0x11f ./Core/Src/assistive_cart_logic.o
 .debug_macro   0x00002812    0x1675e ./Core/Src/assistive_cart_logic.o
 .debug_macro   0x00018f70       0x6d ./Core/Src/assistive_cart_logic.o
 .debug_macro   0x00018fdd     0x3693 ./Core/Src/assistive_cart_logic.o
 .debug_macro   0x0001c670      0x190 ./Core/Src/assistive_cart_logic.o
 .debug_macro   0x0001c800       0x5c ./Core/Src/assistive_cart_logic.o
 .debug_macro   0x0001c85c      0xca5 ./Core/Src/assistive_cart_logic.o
 .debug_macro   0x0001d501      0x9e9 ./Core/Src/assistive_cart_logic.o
 .debug_macro   0x0001deea      0x115 ./Core/Src/assistive_cart_logic.o
 .debug_macro   0x0001dfff      0x1a0 ./Core/Src/assistive_cart_logic.o
 .debug_macro   0x0001e19f       0xa5 ./Core/Src/assistive_cart_logic.o
 .debug_macro   0x0001e244      0x16d ./Core/Src/assistive_cart_logic.o
 .debug_macro   0x0001e3b1      0x287 ./Core/Src/assistive_cart_logic.o
 .debug_macro   0x0001e638       0x5f ./Core/Src/assistive_cart_logic.o
 .debug_macro   0x0001e697      0x236 ./Core/Src/assistive_cart_logic.o
 .debug_macro   0x0001e8cd      0xb5b ./Core/Src/assistive_cart_logic.o
 .debug_macro   0x0001f428      0x38b ./Core/Src/assistive_cart_logic.o
 .debug_macro   0x0001f7b3      0x17d ./Core/Src/assistive_cart_logic.o
 .debug_macro   0x0001f930       0xf9 ./Core/Src/assistive_cart_logic.o
 .debug_macro   0x0001fa29      0x122 ./Core/Src/assistive_cart_logic.o
 .debug_macro   0x0001fb4b       0xa6 ./Core/Src/assistive_cart_logic.o
 .debug_macro   0x0001fbf1      0x132 ./Core/Src/assistive_cart_logic.o
 .debug_macro   0x0001fd23      0x29c ./Core/Src/assistive_cart_logic.o
 .debug_macro   0x0001ffbf       0x2e ./Core/Src/assistive_cart_logic.o
 .debug_macro   0x0001ffed      0x1b5 ./Core/Src/assistive_cart_logic.o
 .debug_macro   0x000201a2       0x22 ./Core/Src/assistive_cart_logic.o
 .debug_macro   0x000201c4       0xd6 ./Core/Src/assistive_cart_logic.o
 .debug_macro   0x0002029a      0x127 ./Core/Src/assistive_cart_logic.o
 .debug_macro   0x000203c1       0xe8 ./Core/Src/assistive_cart_logic.o
 .debug_macro   0x000204a9       0x89 ./Core/Src/assistive_cart_logic.o
 .debug_macro   0x00020532      0x225 ./Core/Src/assistive_cart_logic.o
 .debug_macro   0x00020757      0x8ed ./Core/Src/assistive_cart_logic.o
 .debug_macro   0x00021044       0x53 ./Core/Src/assistive_cart_logic.o
 .debug_macro   0x00021097      0x2aa ./Core/Src/assistive_cart_logic.o
 .debug_macro   0x00021341      0x126 ./Core/Src/assistive_cart_logic.o
 .debug_macro   0x00021467      0x1f9 ./Core/Src/assistive_cart_logic.o
 .debug_macro   0x00021660       0x61 ./Core/Src/assistive_cart_logic.o
 .debug_macro   0x000216c1       0x2a ./Core/Src/assistive_cart_logic.o
 .debug_macro   0x000216eb       0x43 ./Core/Src/assistive_cart_logic.o
 .debug_macro   0x0002172e       0x34 ./Core/Src/assistive_cart_logic.o
 .debug_macro   0x00021762       0x16 ./Core/Src/assistive_cart_logic.o
 .debug_macro   0x00021778       0x3c ./Core/Src/assistive_cart_logic.o
 .debug_macro   0x000217b4      0x370 ./Core/Src/assistive_cart_logic.o
 .debug_macro   0x00021b24       0x10 ./Core/Src/assistive_cart_logic.o
 .debug_macro   0x00021b34       0x16 ./Core/Src/assistive_cart_logic.o
 .debug_macro   0x00021b4a       0x4a ./Core/Src/assistive_cart_logic.o
 .debug_macro   0x00021b94       0x34 ./Core/Src/assistive_cart_logic.o
 .debug_macro   0x00021bc8       0x10 ./Core/Src/assistive_cart_logic.o
 .debug_macro   0x00021bd8       0x58 ./Core/Src/assistive_cart_logic.o
 .debug_macro   0x00021c30       0x8e ./Core/Src/assistive_cart_logic.o
 .debug_macro   0x00021cbe       0x1c ./Core/Src/assistive_cart_logic.o
 .debug_macro   0x00021cda      0x185 ./Core/Src/assistive_cart_logic.o
 .debug_macro   0x00021e5f       0x16 ./Core/Src/assistive_cart_logic.o
 .debug_macro   0x00021e75       0x16 ./Core/Src/assistive_cart_logic.o