../Core/Src/config.c:37:6:SystemClock_Config	88	static
../Core/Src/config.c:85:6:MX_ADC1_Init	24	static
../Core/Src/config.c:137:6:MX_DAC_Init	16	static
../Core/Src/config.c:177:6:MX_I2C1_Init	8	static
../Core/Src/config.c:211:6:MX_SPI1_Init	8	static
../Core/Src/config.c:249:6:MX_SPI4_Init	8	static
../Core/Src/config.c:287:6:MX_TIM2_Init	48	static
../Core/Src/config.c:341:6:MX_TIM5_Init	32	static
../Core/Src/config.c:386:6:MX_TIM6_Init	16	static
../Core/Src/config.c:424:6:MX_TIM9_Init	24	static
../Core/Src/config.c:462:6:MX_TIM11_Init	40	static
../Core/Src/config.c:508:6:MX_TIM14_Init	40	static
../Core/Src/config.c:554:6:MX_USART3_UART_Init	8	static
../Core/Src/config.c:587:6:MX_USART6_UART_Init	8	static
../Core/Src/config.c:618:6:MX_DMA_Init	16	static
../Core/Src/config.c:640:6:MX_GPIO_Init	56	static
../Core/Src/config.c:748:6:CSTM_Core_GPIO_Init	56	static
../Core/Src/config.c:832:6:CSTM_Cart_GPIO_Init	32	static
../Core/Src/config.c:862:6:SYS_Cart_Mode_Init	8	static
../Core/Src/config.c:872:6:SYS_Diagnostic_Mode_Init	8	static
../Core/Src/config.c:883:6:SYS_Core_Peripheral_Init	8	static
../Core/Src/config.c:909:6:SYS_Cart_Mode_DeInit	8	static
../Core/Src/config.c:918:6:SYS_Diagnostic_Mode_DeInit	8	static
../Core/Src/config.c:941:6:Error_Handler	8	static,ignoring_inline_asm
