../Core/Src/motor_driver.c:10:6:enable_motor_pwm	8	static
../Core/Src/motor_driver.c:20:6:disable_motor_pwm	8	static
../Core/Src/motor_driver.c:28:6:drive_forward	16	static
../Core/Src/motor_driver.c:33:6:drive_reverse	16	static
../Core/Src/motor_driver.c:38:6:turn_right	16	static
../Core/Src/motor_driver.c:44:6:turn_left	16	static
../Core/Src/motor_driver.c:54:6:cart_brake	8	static
../Core/Src/motor_driver.c:59:6:cart_coast	8	static
../Core/Src/motor_driver.c:64:6:motor_apply_physics	24	static
../Core/Src/motor_driver.c:85:6:test_motor	8	static
