../Core/Src/storage_controller.c:26:6:test_storage_scan	32	static
../Core/Src/storage_controller.c:57:13:storage_copy_name	24	static
../Core/Src/storage_controller.c:67:19:storage_get_file_type	24	static
../Core/Src/storage_controller.c:93:24:storage_alloc_directory	16	static
../Core/Src/storage_controller.c:111:24:storage_alloc_file	16	static
../Core/Src/storage_controller.c:129:24:storage_build_child_path	40	static
../Core/Src/storage_controller.c:154:6:storage_catalog_init	16	static
../Core/Src/storage_controller.c:165:17:get_storage_files	104	static
../Core/Src/storage_controller.c:232:17:get_directory_files	112	static
../Core/Src/storage_controller.c:297:17:get_directory_directories	232	static
../Core/Src/storage_controller.c:388:17:get_storage_directories	224	static
../Core/Src/storage_controller.c:469:17:storage_scan_root	24	static
../Core/Src/storage_controller.c:494:13:storage_print_indent	24	static
../Core/Src/storage_controller.c:501:20:storage_file_type_to_string	16	static
../Core/Src/storage_controller.c:513:6:storage_print_directory	40	static
../Core/Src/storage_controller.c:543:6:storage_print_catalog	40	static
../Core/Src/storage_controller.c:589:24:storage_find_file_by_name_in_dir	32	static
../Core/Src/storage_controller.c:615:17:storage_find_file_by_name	32	static
../Core/Src/storage_controller.c:643:24:storage_find_first_file_by_type_in_dir	32	static
../Core/Src/storage_controller.c:669:17:storage_find_first_file_by_type	32	static
../Core/Src/storage_controller.c:697:17:storage_read_file	80	static
../Core/Src/storage_controller.c:727:17:storage_read_file_at	80	static
../Core/Src/storage_controller.c:762:17:storage_open_file_for_stream	24	static
../Core/Src/storage_controller.c:778:17:storage_seek_stream	24	static
../Core/Src/storage_controller.c:794:17:storage_read_stream	32	static
../Core/Src/storage_controller.c:814:17:storage_close_stream	16	static
