../Core/Src/system.c:22:14:get_system_state	8	static
../Core/Src/system.c:27:15:get_global_state	8	static
../Core/Src/system.c:32:6:request_system_mode	16	static
../Core/Src/system.c:39:6:request_cart_state	16	static
../Core/Src/system.c:46:6:request_diagnostic_state	16	static
../Core/Src/system.c:55:13:system_init_core_peripherals	8	static
../Core/Src/system.c:63:13:system_init_selected_mode	8	static
../Core/Src/system.c:83:13:system_deinit_selected_mode	8	static
../Core/Src/system.c:99:6:set_system_boot_state	8	static
../Core/Src/system.c:109:6:system_update	8	static
