../Core/Src/tft_lcd.c:11:6:LCD_WriteCommand	16	static
../Core/Src/tft_lcd.c:19:6:LCD_WriteData	16	static
../Core/Src/tft_lcd.c:26:6:LCD_Init	8	static
../Core/Src/tft_lcd.c:42:6:LCD_SetAddressWindow	24	static
../Core/Src/tft_lcd.c:56:6:LCD_DrawRect	32	static
../Core/Src/tft_lcd.c:71:6:LCD_DrawChar	40	static
../Core/Src/tft_lcd.c:103:6:LCD_WriteString	32	static
../Core/Src/tft_lcd.c:114:6:LCD_DrawPixel	16	static
../Core/Src/tft_lcd.c:124:6:LCD_DrawLine	48	static
../Core/Src/tft_lcd.c:146:6:LCD_DrawModeSelect	24	static
../Core/Src/tft_lcd.c:164:6:LCD_DrawCartMain	24	static
../Core/Src/tft_lcd.c:186:6:LCD_DrawSigMain	24	static
../Core/Src/tft_lcd.c:202:6:LCD_DrawArbInput	24	static
../Core/Src/tft_lcd.c:225:6:LCD_DrawFuncInput	24	static
