../Core/Src/wave_generator.c:37:6:stream_wave_function	16	static
../Core/Src/wave_generator.c:54:10:generate_sine_wave	64	static
../Core/Src/wave_generator.c:69:10:generate_square_wave	136	static
../Core/Src/wave_generator.c:106:10:generate_triangle_wave	168	static
../Core/Src/wave_generator.c:149:10:generate_sawtooth_wave	152	static
../Core/Src/wave_generator.c:186:6:perform_operation	16	static
../Core/Src/wave_generator.c:200:24:prepare_next_wav_chunk	64	static
../Core/Src/wave_generator.c:281:6:HAL_DAC_ConvHalfCpltCallbackCh1	16	static
../Core/Src/wave_generator.c:288:6:HAL_DAC_ConvCpltCallbackCh1	16	static
../Core/Src/wave_generator.c:295:6:stream_arbitrary_wave	40	static
../Core/Src/wave_generator.c:543:6:start_arbitrary_wave_stream	16	static
../Core/Src/wave_generator.c:570:6:load_wav_header	96	static
../Core/Src/wave_generator.c:619:16:clamp_fxd	24	static
../Core/Src/wave_generator.c:626:16:fxd_bipolar_to_dac_volts	48	static
../Core/Src/wave_generator.c:639:6:arbitrary_wave_mark_buf0_free	4	static
../Core/Src/wave_generator.c:643:6:arbitrary_wave_mark_buf1_free	4	static
../Core/Src/wave_generator.c:649:11:arbitrary_wave_get_dac_buf0	4	static
../Core/Src/wave_generator.c:653:11:arbitrary_wave_get_dac_buf1	4	static
../Core/Src/wave_generator.c:672:24:decode_wav_chunk_inplace_to_fxd	104	static
../Core/Src/wave_generator.c:701:13:apply_selected_filter_block	32	static
../Core/Src/wave_generator.c:730:13:pack_dac_block_from_fxd	40	static
../Core/Src/wave_generator.c:743:24:rewind_wav_stream	16	static
../Core/Src/wave_generator.c:758:6:start_dac_conversion	24	static
../Core/Src/wave_generator.c:772:6:stop_dac_conversion	8	static
../Core/Src/wave_generator.c:778:10:fxd_to_dhr	32	static
