../Core/Src/wave_generator.c:14:6:stream_wave_function	16	static
../Core/Src/wave_generator.c:31:6:stream_arbitrary_wave	16	static
../Core/Src/wave_generator.c:35:10:generate_sine_wave	96	static
../Core/Src/wave_generator.c:69:10:generate_square_wave	24	static
../Core/Src/wave_generator.c:72:10:generate_triangle_wave	24	static
../Core/Src/wave_generator.c:75:10:generate_sawtooth_wave	24	static
../Core/Src/wave_generator.c:79:6:perform_operation	16	static
../Core/Src/wave_generator.c:89:6:start_dac_conversion	24	static
../Core/Src/wave_generator.c:103:6:stop_dac_conversion	8	static
../Core/Src/wave_generator.c:109:10:fxd_to_dhr	32	static
